ARM Linker, 5.02 [Build 28] [MDK-ARM Lite]

==============================================================================

Section Cross References

    startup_lpc17xx.o(RESET) refers to startup_lpc17xx.o(STACK) for __initial_sp
    startup_lpc17xx.o(RESET) refers to startup_lpc17xx.o(.text) for Reset_Handler
    startup_lpc17xx.o(RESET) refers to hal_cm3.o(.emb_text) for SVC_Handler
    startup_lpc17xx.o(.text) refers to system_lpc17xx.o(.text) for SystemInit
    startup_lpc17xx.o(.text) refers to entry.o(.ARM.Collect$$$$00000000) for __main
    system_lpc17xx.o(.text) refers to uldiv.o(.text) for __aeabi_uldivmod
    system_lpc17xx.o(.text) refers to system_lpc17xx.o(.data) for .data
    glcd_spi_lpc1700.o(.text) refers to glcd_spi_lpc1700.o(.data) for .data
    glcd_spi_lpc1700.o(.text) refers to glcd_spi_lpc1700.o(.constdata) for .constdata
    led.o(.text) refers to led.o(.constdata) for .constdata
    main.o(.text) refers to led.o(.text) for LED_On
    main.o(.text) refers to glcd_spi_lpc1700.o(.text) for GLCD_SetBackColor
    main.o(.text) refers to kbd.o(.text) for INT0_Get
    main.o(.text) refers to asteroid.o(.text) for spawn_asteroid
    main.o(.text) refers to adc.o(.text) for ADC_start_conversion
    main.o(.text) refers to printf6.o(i.__0sprintf$6) for __2sprintf
    main.o(.text) refers to spaceship.o(.text) for set_speed
    main.o(.text) refers to bullet.o(.text) for get_num_bullets
    main.o(.text) refers to collisions.o(.text) for handle_collisions
    main.o(.text) refers to hal_cm3.o(.emb_text) for os_set_env
    main.o(.text) refers to main.o(.bss) for .bss
    main.o(.text) refers to rt_mutex.o(i.rt_mut_wait) for rt_mut_wait
    main.o(.text) refers to rt_mutex.o(i.rt_mut_release) for rt_mut_release
    main.o(.text) refers to rt_time.o(i.rt_dly_wait) for rt_dly_wait
    main.o(.text) refers to main.o(.data) for .data
    main.o(.text) refers to rt_mutex.o(i.rt_mut_init) for rt_mut_init
    main.o(.text) refers to rt_task.o(i.rt_tsk_create) for rt_tsk_create
    main.o(.text) refers to rt_task.o(i.rt_tsk_delete) for rt_tsk_delete
    main.o(.text) refers to rt_task.o(i.rt_sys_init) for rt_sys_init
    adc.o(.text) refers to main.o(.data) for ADCStat
    adc.o(.text) refers to main.o(.data) for ADCValue
    spaceship.o(.text) refers to glcd_spi_lpc1700.o(.text) for GLCD_Bitmap
    spaceship.o(.text) refers to spaceship.o(.constdata) for .constdata
    bullet.o(.text) refers to glcd_spi_lpc1700.o(.text) for GLCD_Bitmap
    bullet.o(.text) refers to malloc.o(i.malloc) for malloc
    bullet.o(.text) refers to linked_list.o(.text) for add_list_node
    bullet.o(.text) refers to malloc.o(i.free) for free
    bullet.o(.text) refers to bullet.o(.constdata) for .constdata
    bullet.o(.text) refers to bullet.o(.data) for .data
    linked_list.o(.text) refers to malloc.o(i.malloc) for malloc
    linked_list.o(.text) refers to malloc.o(i.free) for free
    asteroid.o(.text) refers to glcd_spi_lpc1700.o(.text) for GLCD_Bitmap
    asteroid.o(.text) refers to malloc.o(i.malloc) for malloc
    asteroid.o(.text) refers to linked_list.o(.text) for add_list_node
    asteroid.o(.text) refers to malloc.o(i.free) for free
    asteroid.o(.text) refers to asteroid.o(.constdata) for .constdata
    asteroid.o(.text) refers to asteroid.o(.data) for .data
    collisions.o(.text) refers to dflti.o(.text) for __aeabi_i2d
    collisions.o(.text) refers to hypot.o(i.hypot) for hypot
    collisions.o(.text) refers to cdcmple.o(.text) for __aeabi_cdcmple
    collisions.o(.text) refers to bullet.o(.text) for delete_bullet
    collisions.o(.text) refers to asteroid.o(.text) for delete_asteroid
    collisions.o(.text) refers to collisions.o(.data) for .data
    rt_task.o(i.rt_block) refers to rt_list.o(i.rt_put_dly) for rt_put_dly
    rt_task.o(i.rt_block) refers to rt_list.o(i.rt_get_first) for rt_get_first
    rt_task.o(i.rt_block) refers to rt_task.o(i.rt_switch_req) for rt_switch_req
    rt_task.o(i.rt_block) refers to rt_task.o(.data) for .data
    rt_task.o(i.rt_block) refers to rt_list.o(.bss) for os_rdy
    rt_task.o(i.rt_dispatch) refers to rt_list.o(i.rt_put_rdy_first) for rt_put_rdy_first
    rt_task.o(i.rt_dispatch) refers to rt_task.o(i.rt_switch_req) for rt_switch_req
    rt_task.o(i.rt_dispatch) refers to rt_list.o(i.rt_get_first) for rt_get_first
    rt_task.o(i.rt_dispatch) refers to rt_list.o(i.rt_put_prio) for rt_put_prio
    rt_task.o(i.rt_dispatch) refers to rt_task.o(.data) for .data
    rt_task.o(i.rt_dispatch) refers to rt_list.o(.bss) for os_rdy
    rt_task.o(i.rt_init_context) refers to rt_membox.o(i.rt_alloc_box) for rt_alloc_box
    rt_task.o(i.rt_init_context) refers to hal_cm3.o(i.rt_init_stack) for rt_init_stack
    rt_task.o(i.rt_init_context) refers to rtx_conf_cm.o(.bss) for mp_stk
    rt_task.o(i.rt_switch_req) refers to hal_cm3.o(i.dbg_task_switch) for dbg_task_switch
    rt_task.o(i.rt_switch_req) refers to rt_task.o(.data) for .data
[...]
    printf3.o(i.__0fprintf$3) refers to fputc.o(i.fputc) for fputc
    printf3.o(i.__0printf$3) refers to printf3.o(i._printf_core) for _printf_core
    printf3.o(i.__0printf$3) refers to fputc.o(i.fputc) for fputc
    printf3.o(i.__0printf$3) refers to stdout.o(.data) for __stdout
    printf3.o(i.__0snprintf$3) refers to printf3.o(i._printf_core) for _printf_core
    printf3.o(i.__0snprintf$3) refers to printf3.o(i._snputc) for _snputc
    printf3.o(i.__0sprintf$3) refers to printf3.o(i._printf_core) for _printf_core
    printf3.o(i.__0sprintf$3) refers to printf3.o(i._sputc) for _sputc
    printf3.o(i.__0vfprintf$3) refers to printf3.o(i._printf_core) for _printf_core
    printf3.o(i.__0vfprintf$3) refers to fputc.o(i.fputc) for fputc
    printf3.o(i.__0vprintf$3) refers to printf3.o(i._printf_core) for _printf_core
    printf3.o(i.__0vprintf$3) refers to fputc.o(i.fputc) for fputc
    printf3.o(i.__0vprintf$3) refers to stdout.o(.data) for __stdout
    printf3.o(i.__0vsnprintf$3) refers to printf3.o(i._printf_core) for _printf_core
    printf3.o(i.__0vsnprintf$3) refers to printf3.o(i._snputc) for _snputc
    printf3.o(i.__0vsprintf$3) refers to printf3.o(i._printf_core) for _printf_core
    printf3.o(i.__0vsprintf$3) refers to printf3.o(i._sputc) for _sputc
    printf3.o(i._printf_core) refers to uidiv.o(.text) for __aeabi_uidivmod
    printf4.o(i.__0fprintf$4) refers to printf4.o(i._printf_core) for _printf_core
    printf4.o(i.__0fprintf$4) refers to fputc.o(i.fputc) for fputc
    printf4.o(i.__0printf$4) refers to printf4.o(i._printf_core) for _printf_core
    printf4.o(i.__0printf$4) refers to fputc.o(i.fputc) for fputc
    printf4.o(i.__0printf$4) refers to stdout.o(.data) for __stdout
    printf4.o(i.__0snprintf$4) refers to printf4.o(i._printf_core) for _printf_core
    printf4.o(i.__0snprintf$4) refers to printf4.o(i._snputc) for _snputc
    printf4.o(i.__0sprintf$4) refers to printf4.o(i._printf_core) for _printf_core
    printf4.o(i.__0sprintf$4) refers to printf4.o(i._sputc) for _sputc
    printf4.o(i.__0vfprintf$4) refers to printf4.o(i._printf_core) for _printf_core
    printf4.o(i.__0vfprintf$4) refers to fputc.o(i.fputc) for fputc
    printf4.o(i.__0vprintf$4) refers to printf4.o(i._printf_core) for _printf_core
    printf4.o(i.__0vprintf$4) refers to fputc.o(i.fputc) for fputc
    printf4.o(i.__0vprintf$4) refers to stdout.o(.data) for __stdout
    printf4.o(i.__0vsnprintf$4) refers to printf4.o(i._printf_core) for _printf_core
    printf4.o(i.__0vsnprintf$4) refers to printf4.o(i._snputc) for _snputc
    printf4.o(i.__0vsprintf$4) refers to printf4.o(i._printf_core) for _printf_core
    printf4.o(i.__0vsprintf$4) refers to printf4.o(i._sputc) for _sputc
    printf4.o(i._printf_core) refers to uldiv.o(.text) for __aeabi_uldivmod
    printf5.o(i.__0fprintf$5) refers to printf5.o(i._printf_core) for _printf_core
    printf5.o(i.__0fprintf$5) refers to fputc.o(i.fputc) for fputc
    printf5.o(i.__0printf$5) refers to printf5.o(i._printf_core) for _printf_core
    printf5.o(i.__0printf$5) refers to fputc.o(i.fputc) for fputc
    printf5.o(i.__0printf$5) refers to stdout.o(.data) for __stdout
    printf5.o(i.__0snprintf$5) refers to printf5.o(i._printf_core) for _printf_core
    printf5.o(i.__0snprintf$5) refers to printf5.o(i._snputc) for _snputc
    printf5.o(i.__0sprintf$5) refers to printf5.o(i._printf_core) for _printf_core
    printf5.o(i.__0sprintf$5) refers to printf5.o(i._sputc) for _sputc
    printf5.o(i.__0vfprintf$5) refers to printf5.o(i._printf_core) for _printf_core
    printf5.o(i.__0vfprintf$5) refers to fputc.o(i.fputc) for fputc
    printf5.o(i.__0vprintf$5) refers to printf5.o(i._printf_core) for _printf_core
    printf5.o(i.__0vprintf$5) refers to fputc.o(i.fputc) for fputc
    printf5.o(i.__0vprintf$5) refers to stdout.o(.data) for __stdout
    printf5.o(i.__0vsnprintf$5) refers to printf5.o(i._printf_core) for _printf_core
    printf5.o(i.__0vsnprintf$5) refers to printf5.o(i._snputc) for _snputc
    printf5.o(i.__0vsprintf$5) refers to printf5.o(i._printf_core) for _printf_core
    printf5.o(i.__0vsprintf$5) refers to printf5.o(i._sputc) for _sputc
    printf5.o(i._printf_core) refers to uldiv.o(.text) for __aeabi_uldivmod
    printf6.o(i.__0fprintf$6) refers to printf6.o(i._printf_core) for _printf_core
    printf6.o(i.__0fprintf$6) refers to fputc.o(i.fputc) for fputc
    printf6.o(i.__0printf$6) refers to printf6.o(i._printf_core) for _printf_core
    printf6.o(i.__0printf$6) refers to fputc.o(i.fputc) for fputc
    printf6.o(i.__0printf$6) refers to stdout.o(.data) for __stdout
    printf6.o(i.__0snprintf$6) refers to printf6.o(i._printf_core) for _printf_core
    printf6.o(i.__0snprintf$6) refers to printf6.o(i._snputc) for _snputc
    printf6.o(i.__0sprintf$6) refers to printf6.o(i._printf_core) for _printf_core
    printf6.o(i.__0sprintf$6) refers to printf6.o(i._sputc) for _sputc
    printf6.o(i.__0vfprintf$6) refers to printf6.o(i._printf_core) for _printf_core
    printf6.o(i.__0vfprintf$6) refers to fputc.o(i.fputc) for fputc
    printf6.o(i.__0vprintf$6) refers to printf6.o(i._printf_core) for _printf_core
    printf6.o(i.__0vprintf$6) refers to fputc.o(i.fputc) for fputc
    printf6.o(i.__0vprintf$6) refers to stdout.o(.data) for __stdout
    printf6.o(i.__0vsnprintf$6) refers to printf6.o(i._printf_core) for _printf_core
    printf6.o(i.__0vsnprintf$6) refers to printf6.o(i._snputc) for _snputc
    printf6.o(i.__0vsprintf$6) refers to printf6.o(i._printf_core) for _printf_core
    printf6.o(i.__0vsprintf$6) refers to printf6.o(i._sputc) for _sputc
    printf6.o(i._printf_core) refers to printf6.o(i._printf_pre_padding) for _printf_pre_padding
    printf6.o(i._printf_core) refers to uidiv.o(.text) for __aeabi_uidivmod
    printf6.o(i._printf_core) refers to printf6.o(i._printf_post_padding) for _printf_post_padding
    printf7.o(i.__0fprintf$7) refers to printf7.o(i._printf_core) for _printf_core
    printf7.o(i.__0fprintf$7) refers to fputc.o(i.fputc) for fputc
    printf7.o(i.__0printf$7) refers to printf7.o(i._printf_core) for _printf_core
    printf7.o(i.__0printf$7) refers to fputc.o(i.fputc) for fputc
    printf7.o(i.__0printf$7) refers to stdout.o(.data) for __stdout
    printf7.o(i.__0snprintf$7) refers to printf7.o(i._printf_core) for _printf_core
    printf7.o(i.__0snprintf$7) refers to printf7.o(i._snputc) for _snputc
    printf7.o(i.__0sprintf$7) refers to printf7.o(i._printf_core) for _printf_core
    printf7.o(i.__0sprintf$7) refers to printf7.o(i._sputc) for _sputc
    printf7.o(i.__0vfprintf$7) refers to printf7.o(i._printf_core) for _printf_core
    printf7.o(i.__0vfprintf$7) refers to fputc.o(i.fputc) for fputc
    printf7.o(i.__0vprintf$7) refers to printf7.o(i._printf_core) for _printf_core
    printf7.o(i.__0vprintf$7) refers to fputc.o(i.fputc) for fputc
    printf7.o(i.__0vprintf$7) refers to stdout.o(.data) for __stdout
    printf7.o(i.__0vsnprintf$7) refers to printf7.o(i._printf_core) for _printf_core
    printf7.o(i.__0vsnprintf$7) refers to printf7.o(i._snputc) for _snputc
    printf7.o(i.__0vsprintf$7) refers to printf7.o(i._printf_core) for _printf_core
    printf7.o(i.__0vsprintf$7) refers to printf7.o(i._sputc) for _sputc
    printf7.o(i._printf_core) refers to printf7.o(i._printf_pre_padding) for _printf_pre_padding
    printf7.o(i._printf_core) refers to uldiv.o(.text) for __aeabi_uldivmod
    printf7.o(i._printf_core) refers to printf7.o(i._printf_post_padding) for _printf_post_padding
    printf8.o(i.__0fprintf$8) refers to printf8.o(i._printf_core) for _printf_core
    printf8.o(i.__0fprintf$8) refers to fputc.o(i.fputc) for fputc
    printf8.o(i.__0printf$8) refers to printf8.o(i._printf_core) for _printf_core
    printf8.o(i.__0printf$8) refers to fputc.o(i.fputc) for fputc
    printf8.o(i.__0printf$8) refers to stdout.o(.data) for __stdout
    printf8.o(i.__0snprintf$8) refers to printf8.o(i._printf_core) for _printf_core
    printf8.o(i.__0snprintf$8) refers to printf8.o(i._snputc) for _snputc
    printf8.o(i.__0sprintf$8) refers to printf8.o(i._printf_core) for _printf_core
    printf8.o(i.__0sprintf$8) refers to printf8.o(i._sputc) for _sputc
    printf8.o(i.__0vfprintf$8) refers to printf8.o(i._printf_core) for _printf_core
    printf8.o(i.__0vfprintf$8) refers to fputc.o(i.fputc) for fputc
    printf8.o(i.__0vprintf$8) refers to printf8.o(i._printf_core) for _printf_core
    printf8.o(i.__0vprintf$8) refers to fputc.o(i.fputc) for fputc
    printf8.o(i.__0vprintf$8) refers to stdout.o(.data) for __stdout
    printf8.o(i.__0vsnprintf$8) refers to printf8.o(i._printf_core) for _printf_core
    printf8.o(i.__0vsnprintf$8) refers to printf8.o(i._snputc) for _snputc
    printf8.o(i.__0vsprintf$8) refers to printf8.o(i._printf_core) for _printf_core
    printf8.o(i.__0vsprintf$8) refers to printf8.o(i._sputc) for _sputc
    printf8.o(i._printf_core) refers to printf8.o(i._printf_pre_padding) for _printf_pre_padding
    printf8.o(i._printf_core) refers to uldiv.o(.text) for __aeabi_uldivmod
    printf8.o(i._printf_core) refers to printf8.o(i._printf_post_padding) for _printf_post_padding
    printfa.o(i.__0fprintf) refers (Special) to iusefp.o(.text) for __I$use$fp
    printfa.o(i.__0fprintf) refers to printfa.o(i._printf_core) for _printf_core
    printfa.o(i.__0fprintf) refers to fputc.o(i.fputc) for fputc
    printfa.o(i.__0printf) refers (Special) to iusefp.o(.text) for __I$use$fp
    printfa.o(i.__0printf) refers to printfa.o(i._printf_core) for _printf_core
    printfa.o(i.__0printf) refers to fputc.o(i.fputc) for fputc
    printfa.o(i.__0printf) refers to stdout.o(.data) for __stdout
    printfa.o(i.__0snprintf) refers (Special) to iusefp.o(.text) for __I$use$fp
    printfa.o(i.__0snprintf) refers to printfa.o(i._printf_core) for _printf_core
    printfa.o(i.__0snprintf) refers to printfa.o(i._snputc) for _snputc
    printfa.o(i.__0sprintf) refers (Special) to iusefp.o(.text) for __I$use$fp
    printfa.o(i.__0sprintf) refers to printfa.o(i._printf_core) for _printf_core
    printfa.o(i.__0sprintf) refers to printfa.o(i._sputc) for _sputc
    printfa.o(i.__0vfprintf) refers (Special) to iusefp.o(.text) for __I$use$fp
    printfa.o(i.__0vfprintf) refers to printfa.o(i._printf_core) for _printf_core
    printfa.o(i.__0vfprintf) refers to fputc.o(i.fputc) for fputc
    printfa.o(i.__0vprintf) refers (Special) to iusefp.o(.text) for __I$use$fp
    printfa.o(i.__0vprintf) refers to printfa.o(i._printf_core) for _printf_core
    printfa.o(i.__0vprintf) refers to fputc.o(i.fputc) for fputc
    printfa.o(i.__0vprintf) refers to stdout.o(.data) for __stdout
    printfa.o(i.__0vsnprintf) refers (Special) to iusefp.o(.text) for __I$use$fp
    printfa.o(i.__0vsnprintf) refers to printfa.o(i._printf_core) for _printf_core
    printfa.o(i.__0vsnprintf) refers to printfa.o(i._snputc) for _snputc
    printfa.o(i.__0vsprintf) refers (Special) to iusefp.o(.text) for __I$use$fp
    printfa.o(i.__0vsprintf) refers to printfa.o(i._printf_core) for _printf_core
    printfa.o(i.__0vsprintf) refers to printfa.o(i._sputc) for _sputc
    printfa.o(i._fp_digits) refers (Special) to iusefp.o(.text) for __I$use$fp
    printfa.o(i._fp_digits) refers to dmul.o(.text) for __aeabi_dmul
    printfa.o(i._fp_digits) refers to ddiv.o(.text) for __aeabi_ddiv
    printfa.o(i._fp_digits) refers to cdrcmple.o(.text) for __aeabi_cdrcmple
    printfa.o(i._fp_digits) refers to dadd.o(.text) for __aeabi_dadd
    printfa.o(i._fp_digits) refers to dfixul.o(.text) for __aeabi_d2ulz
    printfa.o(i._fp_digits) refers to uldiv.o(.text) for __aeabi_uldivmod
    printfa.o(i._printf_core) refers (Special) to iusefp.o(.text) for __I$use$fp
    printfa.o(i._printf_core) refers to printfa.o(i._printf_pre_padding) for _printf_pre_padding
    printfa.o(i._printf_core) refers to uldiv.o(.text) for __aeabi_uldivmod
    printfa.o(i._printf_core) refers to printfa.o(i._printf_post_padding) for _printf_post_padding
    printfa.o(i._printf_core) refers to printfa.o(i._fp_digits) for _fp_digits
    printfa.o(i._printf_core) refers to uidiv.o(.text) for __aeabi_uidivmod
    printfa.o(i._printf_post_padding) refers (Special) to iusefp.o(.text) for __I$use$fp
    printfa.o(i._printf_pre_padding) refers (Special) to iusefp.o(.text) for __I$use$fp
    printfa.o(i._snputc) refers (Special) to iusefp.o(.text) for __I$use$fp
    printfa.o(i._sputc) refers (Special) to iusefp.o(.text) for __I$use$fp
    malloc.o(i.free) refers to mvars.o(.data) for __microlib_freelist
    malloc.o(i.malloc) refers to mvars.o(.data) for __microlib_freelist_initialised
    malloc.o(i.malloc) refers to mvars.o(.data) for __microlib_freelist
    malloc.o(i.malloc) refers to startup_lpc17xx.o(HEAP) for __heap_base
    mallocr.o(i.__free$realloc) refers to mvars.o(.data) for __microlib_freelist
    mallocr.o(i.__malloc$realloc) refers to mallocr.o(i.internal_alloc) for internal_alloc
    mallocr.o(i.__malloc$realloc) refers to mvars.o(.data) for __microlib_freelist_initialised
    mallocr.o(i.__malloc$realloc) refers to startup_lpc17xx.o(HEAP) for __heap_base
    mallocr.o(i.__malloc$realloc) refers to mvars.o(.data) for __microlib_freelist
    mallocr.o(i.internal_alloc) refers to memcpya.o(.text) for __aeabi_memcpy
    mallocr.o(i.internal_alloc) refers to mvars.o(.data) for __microlib_freelist
    mallocr.o(i.realloc) refers to mallocr.o(i.__free$realloc) for __free$realloc
    mallocr.o(i.realloc) refers to mallocr.o(i.internal_alloc) for internal_alloc
    mallocr.o(i.realloc) refers to mallocr.o(i.__malloc$realloc) for __malloc$realloc
    mallocr.o(i.realloc) refers to mvars.o(.data) for __microlib_freelist
    malloca.o(i.__aligned_malloc) refers to mvars.o(.data) for __microlib_freelist_initialised
    malloca.o(i.__aligned_malloc) refers to mvars.o(.data) for __microlib_freelist
    malloca.o(i.__aligned_malloc) refers to startup_lpc17xx.o(HEAP) for __heap_base
    malloca.o(i.__free$memalign) refers to mvars.o(.data) for __microlib_freelist
    malloca.o(i.__malloc$memalign) refers to malloca.o(i.__aligned_malloc) for __aligned_malloc
    mallocra.o(i.__aligned_malloc$realloc) refers to mallocra.o(i.internal_alloc) for internal_alloc
    mallocra.o(i.__aligned_malloc$realloc) refers to mvars.o(.data) for __microlib_freelist_initialised
    mallocra.o(i.__aligned_malloc$realloc) refers to startup_lpc17xx.o(HEAP) for __heap_base
    mallocra.o(i.__aligned_malloc$realloc) refers to mvars.o(.data) for __microlib_freelist
    mallocra.o(i.__free$realloc$memalign) refers to mvars.o(.data) for __microlib_freelist
    mallocra.o(i.__malloc$realloc$memalign) refers to mallocra.o(i.__aligned_malloc$realloc) for __aligned_malloc$realloc
    mallocra.o(i.__realloc$memalign) refers to mallocra.o(i.__free$realloc$memalign) for __free$realloc$memalign
    mallocra.o(i.__realloc$memalign) refers to mallocra.o(i.internal_alloc) for internal_alloc
    mallocra.o(i.__realloc$memalign) refers to mallocra.o(i.__malloc$realloc$memalign) for __malloc$realloc$memalign
    mallocra.o(i.__realloc$memalign) refers to mvars.o(.data) for __microlib_freelist
    mallocra.o(i.internal_alloc) refers to memcpya.o(.text) for __aeabi_memcpy
    mallocra.o(i.internal_alloc) refers to mvars.o(.data) for __microlib_freelist
    dflti.o(.text) refers (Special) to iusefp.o(.text) for __I$use$fp
    dflti.o(.text) refers to depilogue.o(.text) for _double_epilogue
    cdcmple.o(.text) refers (Special) to iusefp.o(.text) for __I$use$fp
    dunder.o(i.__mathlib_dbl_underflow) refers to dscalb.o(.text) for __ARM_scalbn
    fpclassify.o(i.__ARM_fpclassify) refers (Special) to iusefp.o(.text) for __I$use$fp
    sqrt.o(i.__softfp_sqrt) refers (Special) to iusefp.o(.text) for __I$use$fp
    sqrt.o(i.__softfp_sqrt) refers to dsqrt.o(.text) for _dsqrt
    sqrt.o(i.__softfp_sqrt) refers to errno.o(i.__set_errno) for __set_errno
    sqrt.o(i.sqrt) refers (Special) to iusefp.o(.text) for __I$use$fp
    sqrt.o(i.sqrt) refers to dsqrt.o(.text) for _dsqrt
    sqrt.o(i.sqrt) refers to errno.o(i.__set_errno) for __set_errno
    sqrt_x.o(i.____softfp_sqrt$lsc) refers (Special) to iusefp.o(.text) for __I$use$fp
    sqrt_x.o(i.____softfp_sqrt$lsc) refers to cdcmple.o(.text) for __aeabi_cdcmple
    sqrt_x.o(i.____softfp_sqrt$lsc) refers to errno.o(i.__set_errno) for __set_errno
    sqrt_x.o(i.____softfp_sqrt$lsc) refers to dsqrt.o(.text) for _dsqrt
    sqrt_x.o(i.__sqrt$lsc) refers (Special) to iusefp.o(.text) for __I$use$fp
    sqrt_x.o(i.__sqrt$lsc) refers to cdcmple.o(.text) for __aeabi_cdcmple
    sqrt_x.o(i.__sqrt$lsc) refers to errno.o(i.__set_errno) for __set_errno
    sqrt_x.o(i.__sqrt$lsc) refers to dsqrt.o(.text) for _dsqrt
    entry2.o(.ARM.Collect$$$$00000001) refers to entry2.o(.ARM.Collect$$$$00002712) for __lit__00000000
    entry2.o(.ARM.Collect$$$$00002712) refers to startup_lpc17xx.o(STACK) for __initial_sp
    entry2.o(__vectab_stack_and_reset_area) refers to startup_lpc17xx.o(STACK) for __initial_sp
    entry2.o(__vectab_stack_and_reset_area) refers to entry.o(.ARM.Collect$$$$00000000) for __main
    entry5.o(.ARM.Collect$$$$00000004) refers to init.o(.text) for __scatterload
    entry8.o(.ARM.Collect$$$$00000009) refers to main.o(.text) for main
    fputc.o(i.fputc) refers (Special) to iusesemip.o(.text) for __I$use$semihosting$fputc
    fputc.o(i.fputc) refers (Special) to semi.o(.text) for __semihosting_library_function
    errno.o(i.__aeabi_errno_addr) refers to errno.o(.data) for .data
    errno.o(i.__read_errno) refers to errno.o(.data) for .data
    errno.o(i.__set_errno) refers to errno.o(.data) for .data
    depilogue.o(.text) refers to llshl.o(.text) for __aeabi_llsl
    depilogue.o(.text) refers to llushr.o(.text) for __aeabi_llsr
    dadd.o(.text) refers to llshl.o(.text) for __aeabi_llsl
    dadd.o(.text) refers to llsshr.o(.text) for __aeabi_lasr
    dadd.o(.text) refers to depilogue.o(.text) for _double_epilogue
    dmul.o(.text) refers to depilogue.o(.text) for _double_epilogue
    ddiv.o(.text) refers to depilogue.o(.text) for _double_round
    dfixul.o(.text) refers to llushr.o(.text) for __aeabi_llsr
    dfixul.o(.text) refers to llshl.o(.text) for __aeabi_llsl
    init.o(.text) refers to entry5.o(.ARM.Collect$$$$00000004) for __main_after_scatterload
    dsqrt.o(.text) refers to llushr.o(.text) for __aeabi_llsr
    dsqrt.o(.text) refers to depilogue.o(.text) for _double_round


==============================================================================

Removing Unused input sections from the image.

    Removing system_lpc17xx.o(.rev16_text), (4 bytes).
    Removing system_lpc17xx.o(.revsh_text), (4 bytes).
    Removing glcd_spi_lpc1700.o(.rev16_text), (4 bytes).
    Removing glcd_spi_lpc1700.o(.revsh_text), (4 bytes).
    Removing led.o(.rev16_text), (4 bytes).
    Removing led.o(.revsh_text), (4 bytes).
    Removing main.o(.rev16_text), (4 bytes).
    Removing main.o(.revsh_text), (4 bytes).
    Removing main.o(.data), (4 bytes).
    Removing main.o(.data), (4 bytes).
    Removing main.o(.data), (4 bytes).
    Removing main.o(.data), (4 bytes).
    Removing main.o(.data), (4 bytes).
    Removing main.o(.data), (4 bytes).
    Removing main.o(.data), (4 bytes).
    Removing kbd.o(.rev16_text), (4 bytes).
    Removing kbd.o(.revsh_text), (4 bytes).
    Removing kbd.o(.data), (4 bytes).
    Removing kbd.o(.data), (4 bytes).
    Removing adc.o(.rev16_text), (4 bytes).
    Removing adc.o(.revsh_text), (4 bytes).
    Removing rt_task.o(i.rt_tsk_pass), (48 bytes).
    Removing rt_task.o(i.rt_tsk_prio), (128 bytes).
    Removing rt_task.o(i.rt_tsk_self), (16 bytes).
    Removing rt_time.o(i.rt_itv_set), (24 bytes).
    Removing rt_time.o(i.rt_itv_wait), (44 bytes).
    Removing rt_time.o(i.rt_time_get), (12 bytes).
    Removing rt_system.o(.emb_text), (0 bytes).
    Removing rt_system.o(i.rt_psh_req), (32 bytes).
    Removing rt_system.o(i.rt_resume), (176 bytes).
    Removing rt_system.o(i.rt_suspend), (44 bytes).
    Removing rt_system.o(i.rt_tsk_lock), (80 bytes).
    Removing rt_system.o(i.rt_tsk_unlock), (80 bytes).
    Removing rt_list.o(i.rt_get_same_rdy_prio), (36 bytes).
    Removing rt_list.o(i.rt_psq_enq), (88 bytes).
    Removing rt_membox.o(i._calloc_box), (30 bytes).
    Removing rt_event.o(i.isr_evt_set), (40 bytes).
    Removing rt_event.o(i.rt_evt_clr), (28 bytes).
    Removing rt_event.o(i.rt_evt_get), (12 bytes).
    Removing rt_event.o(i.rt_evt_set), (96 bytes).
    Removing rt_event.o(i.rt_evt_wait), (64 bytes).
    Removing rt_mailbox.o(i.isr_mbx_receive), (84 bytes).
    Removing rt_mailbox.o(i.isr_mbx_send), (14 bytes).
    Removing rt_mailbox.o(i.rt_mbx_check), (8 bytes).
    Removing rt_mailbox.o(i.rt_mbx_init), (26 bytes).
    Removing rt_mailbox.o(i.rt_mbx_send), (160 bytes).
    Removing rt_mailbox.o(i.rt_mbx_wait), (184 bytes).
    Removing rt_semaphore.o(i.isr_sem_send), (16 bytes).
    Removing rt_semaphore.o(i.rt_sem_init), (12 bytes).
    Removing rt_semaphore.o(i.rt_sem_send), (56 bytes).
    Removing rt_semaphore.o(i.rt_sem_wait), (60 bytes).
    Removing rt_timer.o(i.rt_tmr_create), (80 bytes).
    Removing rt_timer.o(i.rt_tmr_kill), (52 bytes).
    Removing ddiv.o(.text), (222 bytes).
    Removing dfixul.o(.text), (48 bytes).

55 unused section(s) (total 2184 bytes) removed from the image.

==============================================================================

Image Symbol Table

    Local Symbols

    Symbol Name                              Value     Ov Type        Size  Object(Section)

    RESET                                    0x00000000   Section      204  startup_lpc17xx.o(RESET)
    ../clib/microlib/division.c              0x00000000   Number         0  uidiv.o ABSOLUTE
    ../clib/microlib/division.c              0x00000000   Number         0  uldiv.o ABSOLUTE
    ../clib/microlib/errno.c                 0x00000000   Number         0  errno.o ABSOLUTE
    ../clib/microlib/init/entry.s            0x00000000   Number         0  entry8.o ABSOLUTE
    ../clib/microlib/init/entry.s            0x00000000   Number         0  entry7a.o ABSOLUTE
    ../clib/microlib/init/entry.s            0x00000000   Number         0  entry2.o ABSOLUTE
    ../clib/microlib/init/entry.s            0x00000000   Number         0  entry.o ABSOLUTE
    ../clib/microlib/init/entry.s            0x00000000   Number         0  entry5.o ABSOLUTE
    ../clib/microlib/init/entry.s            0x00000000   Number         0  entry7b.o ABSOLUTE
    ../clib/microlib/longlong.c              0x00000000   Number         0  llsshr.o ABSOLUTE
    ../clib/microlib/longlong.c              0x00000000   Number         0  llshl.o ABSOLUTE
    ../clib/microlib/longlong.c              0x00000000   Number         0  llushr.o ABSOLUTE
    ../clib/microlib/malloc/malloc.c         0x00000000   Number         0  mallocra.o ABSOLUTE
    ../clib/microlib/malloc/malloc.c         0x00000000   Number         0  malloca.o ABSOLUTE
    ../clib/microlib/malloc/malloc.c         0x00000000   Number         0  mallocr.o ABSOLUTE
    ../clib/microlib/malloc/malloc.c         0x00000000   Number         0  malloc.o ABSOLUTE
    ../clib/microlib/malloc/mvars.c          0x00000000   Number         0  mvars.o ABSOLUTE
    ../clib/microlib/printf/printf.c         0x00000000   Number         0  printf3.o ABSOLUTE
    ../clib/microlib/printf/printf.c         0x00000000   Number         0  printf4.o ABSOLUTE
    ../clib/microlib/printf/printf.c         0x00000000   Number         0  printf5.o ABSOLUTE
    ../clib/microlib/printf/printf.c         0x00000000   Number         0  printf6.o ABSOLUTE
    ../clib/microlib/printf/printf.c         0x00000000   Number         0  printf7.o ABSOLUTE
    ../clib/microlib/printf/printf.c         0x00000000   Number         0  printf2.o ABSOLUTE
    ../clib/microlib/printf/printf.c         0x00000000   Number         0  printfa.o ABSOLUTE
    ../clib/microlib/printf/printf.c         0x00000000   Number         0  printf8.o ABSOLUTE
    ../clib/microlib/printf/printf.c         0x00000000   Number         0  printf1.o ABSOLUTE
    ../clib/microlib/printf/printf.c         0x00000000   Number         0  printf0.o ABSOLUTE
    ../clib/microlib/printf/printf.c         0x00000000   Number         0  printfb.o ABSOLUTE
    ../clib/microlib/printf/stubs.s          0x00000000   Number         0  stubs.o ABSOLUTE
    ../clib/microlib/stdio/fputc.c           0x00000000   Number         0  fputc.o ABSOLUTE
    ../clib/microlib/stdio/semi.s            0x00000000   Number         0  semi.o ABSOLUTE
    ../clib/microlib/stdio/streams.c         0x00000000   Number         0  stdout.o ABSOLUTE
    ../clib/microlib/string/memcpy.c         0x00000000   Number         0  memcpyb.o ABSOLUTE
    ../clib/microlib/string/memcpy.c         0x00000000   Number         0  memcpya.o ABSOLUTE
    ../clib/microlib/stubs.s                 0x00000000   Number         0  iusesemip.o ABSOLUTE
    ../clib/microlib/stubs.s                 0x00000000   Number         0  iusefp.o ABSOLUTE
    ../fplib/microlib/fpadd.c                0x00000000   Number         0  dadd.o ABSOLUTE
    ../fplib/microlib/fpdiv.c                0x00000000   Number         0  ddiv.o ABSOLUTE
    ../fplib/microlib/fpepilogue.c           0x00000000   Number         0  depilogue.o ABSOLUTE
    ../fplib/microlib/fpfix.c                0x00000000   Number         0  dfixul.o ABSOLUTE
    ../fplib/microlib/fpflt.c                0x00000000   Number         0  dflti.o ABSOLUTE
    ../fplib/microlib/fpmul.c                0x00000000   Number         0  dmul.o ABSOLUTE
    ../fplib/microlib/fpscalb.c              0x00000000   Number         0  dscalb.o ABSOLUTE
    ../fplib/microlib/fpsqrt.c               0x00000000   Number         0  dsqrt.o ABSOLUTE
    ../mathlib/dunder.c                      0x00000000   Number         0  dunder.o ABSOLUTE
    ../mathlib/fpclassify.c                  0x00000000   Number         0  fpclassify.o ABSOLUTE
    ../mathlib/hypot.c                       0x00000000   Number         0  hypot_x.o ABSOLUTE
    ../mathlib/hypot.c                       0x00000000   Number         0  hypot.o ABSOLUTE
    ../mathlib/sqrt.c                        0x00000000   Number         0  sqrt.o ABSOLUTE
    ../mathlib/sqrt.c                        0x00000000   Number         0  sqrt_x.o ABSOLUTE
    ADC.c                                    0x00000000   Number         0  adc.o ABSOLUTE
    ADC.c                                    0x00000000   Number         0  adc.o ABSOLUTE
    GLCD_SPI_LPC1700.c                       0x00000000   Number         0  glcd_spi_lpc1700.o ABSOLUTE
    GLCD_SPI_LPC1700.c                       0x00000000   Number         0  glcd_spi_lpc1700.o ABSOLUTE
    KBD.c                                    0x00000000   Number         0  kbd.o ABSOLUTE
    KBD.c                                    0x00000000   Number         0  kbd.o ABSOLUTE
    LED.c                                    0x00000000   Number         0  led.o ABSOLUTE
    LED.c                                    0x00000000   Number         0  led.o ABSOLUTE
    Main.c                                   0x00000000   Number         0  main.o ABSOLUTE
    Main.c                                   0x00000000   Number         0  main.o ABSOLUTE
    RTX_Conf_CM.c                            0x00000000   Number         0  rtx_conf_cm.o ABSOLUTE
    SRC\CM\HAL_CM3.c                         0x00000000   Number         0  hal_cm3.o ABSOLUTE
    SRC\CM\SVC_Table.s                       0x00000000   Number         0  SVC_Table.o ABSOLUTE
    SRC\CM\rt_Event.c                        0x00000000   Number         0  rt_event.o ABSOLUTE
    SRC\CM\rt_List.c                         0x00000000   Number         0  rt_list.o ABSOLUTE
    SRC\CM\rt_Mailbox.c                      0x00000000   Number         0  rt_mailbox.o ABSOLUTE
    SRC\CM\rt_MemBox.c                       0x00000000   Number         0  rt_membox.o ABSOLUTE
    SRC\CM\rt_Mutex.c                        0x00000000   Number         0  rt_mutex.o ABSOLUTE
    SRC\CM\rt_Robin.c                        0x00000000   Number         0  rt_robin.o ABSOLUTE
    SRC\CM\rt_Semaphore.c                    0x00000000   Number         0  rt_semaphore.o ABSOLUTE
    SRC\CM\rt_System.c                       0x00000000   Number         0  rt_system.o ABSOLUTE
    SRC\CM\rt_Task.c                         0x00000000   Number         0  rt_task.o ABSOLUTE
    SRC\CM\rt_Time.c                         0x00000000   Number         0  rt_time.o ABSOLUTE
    SRC\CM\rt_Timer.c                        0x00000000   Number         0  rt_timer.o ABSOLUTE
    SRC\\CM\\HAL_CM3.c                       0x00000000   Number         0  hal_cm3.o ABSOLUTE
    SRC\\CM\\rt_System.c                     0x00000000   Number         0  rt_system.o ABSOLUTE
    asteroid.c                               0x00000000   Number         0  asteroid.o ABSOLUTE
    bullet.c                                 0x00000000   Number         0  bullet.o ABSOLUTE
    cdcmple.s                                0x00000000   Number         0  cdcmple.o ABSOLUTE
    cdrcmple.s                               0x00000000   Number         0  cdrcmple.o ABSOLUTE
    collisions.c                             0x00000000   Number         0  collisions.o ABSOLUTE
    dc.s                                     0x00000000   Number         0  dc.o ABSOLUTE
    handlers.s                               0x00000000   Number         0  handlers.o ABSOLUTE
    init.s                                   0x00000000   Number         0  init.o ABSOLUTE
    linked_list.c                            0x00000000   Number         0  linked_list.o ABSOLUTE
    spaceship.c                              0x00000000   Number         0  spaceship.o ABSOLUTE
    startup_LPC17xx.s                        0x00000000   Number         0  startup_lpc17xx.o ABSOLUTE
    system_LPC17xx.c                         0x00000000   Number         0  system_lpc17xx.o ABSOLUTE
    system_LPC17xx.c                         0x00000000   Number         0  system_lpc17xx.o ABSOLUTE
    .ARM.Collect$$$$00000000                 0x000000cc   Section        0  entry.o(.ARM.Collect$$$$00000000)
    .ARM.Collect$$$$00000001                 0x000000cc   Section        4  entry2.o(.ARM.Collect$$$$00000001)
    .ARM.Collect$$$$00000004                 0x000000d0   Section        4  entry5.o(.ARM.Collect$$$$00000004)
    .ARM.Collect$$$$00000008                 0x000000d4   Section        0  entry7b.o(.ARM.Collect$$$$00000008)
    .ARM.Collect$$$$00000009                 0x000000d4   Section        8  entry8.o(.ARM.Collect$$$$00000009)
    .ARM.Collect$$$$00002712                 0x000000dc   Section        4  entry2.o(.ARM.Collect$$$$00002712)
    __lit__00000000                          0x000000dc   Data           4  entry2.o(.ARM.Collect$$$$00002712)
    .emb_text                                0x000000e0   Section      340  hal_cm3.o(.emb_text)
    .text                                    0x00000234   Section       36  startup_lpc17xx.o(.text)
    .text                                    0x00000258   Section        0  rtx_conf_cm.o(.text)
    .text                                    0x00000260   Section        0  kbd.o(.text)
    .text                                    0x000002a8   Section        0  spaceship.o(.text)
    .text                                    0x000002e8   Section        0  iusefp.o(.text)
    SVC_TABLE                                0x000002e8   Section        4  SVC_Table.o(SVC_TABLE)
    i.__mathlib_dbl_underflow                0x000002ec   Section        0  dunder.o(i.__mathlib_dbl_underflow)
    .ARM.__at_0x02FC                         0x000002fc   Section        4  startup_lpc17xx.o(.ARM.__at_0x02FC)
    .text                                    0x00000300   Section        0  system_lpc17xx.o(.text)
    .text                                    0x000004a4   Section        0  glcd_spi_lpc1700.o(.text)
    spi_tran_man                             0x000004a5   Thumb Code   106  glcd_spi_lpc1700.o(.text)
    delay                                    0x00000df7   Thumb Code     8  glcd_spi_lpc1700.o(.text)
    spi_tran                                 0x00000dff   Thumb Code    16  glcd_spi_lpc1700.o(.text)
    wr_cmd                                   0x00000e0f   Thumb Code    32  glcd_spi_lpc1700.o(.text)
    wr_dat                                   0x00000e2f   Thumb Code    32  glcd_spi_lpc1700.o(.text)
    wr_dat_start                             0x00000e4f   Thumb Code    10  glcd_spi_lpc1700.o(.text)
    wr_dat_only                              0x00000e59   Thumb Code    18  glcd_spi_lpc1700.o(.text)
    wr_reg                                   0x00000e6b   Thumb Code    16  glcd_spi_lpc1700.o(.text)
    rd_id_man                                0x00000e7b   Thumb Code   130  glcd_spi_lpc1700.o(.text)
    .text                                    0x00000efc   Section        0  led.o(.text)
    .text                                    0x00000fa0   Section        0  main.o(.text)
    .text                                    0x000013e8   Section        0  adc.o(.text)
    .text                                    0x00001448   Section        0  bullet.o(.text)
    .text                                    0x00001548   Section        0  linked_list.o(.text)
    .text                                    0x00001590   Section        0  asteroid.o(.text)
    .text                                    0x00001680   Section        0  collisions.o(.text)
    .text                                    0x0000173c   Section        0  uldiv.o(.text)
    .text                                    0x0000179e   Section        0  dflti.o(.text)
    .text                                    0x000017c0   Section       40  cdcmple.o(.text)
    .text                                    0x000017e8   Section        0  uidiv.o(.text)
    .text                                    0x00001814   Section        0  llshl.o(.text)
    .text                                    0x00001832   Section        0  llushr.o(.text)
    .text                                    0x00001852   Section        0  depilogue.o(.text)
    .text                                    0x00001910   Section        0  dadd.o(.text)
    .text                                    0x00001a5e   Section        0  dmul.o(.text)
    .text                                    0x00001b42   Section        0  dscalb.o(.text)
    .text                                    0x00001b70   Section       40  cdrcmple.o(.text)
    .text                                    0x00001b98   Section       36  init.o(.text)
    .text                                    0x00001bbc   Section        0  llsshr.o(.text)
    .text                                    0x00001be0   Section        0  dsqrt.o(.text)
    i.__0sprintf$6                           0x00001c84   Section        0  printf6.o(i.__0sprintf$6)
    i.__ARM_fpclassify                       0x00001cac   Section        0  fpclassify.o(i.__ARM_fpclassify)
    i.__scatterload_copy                     0x00001cd4   Section       14  handlers.o(i.__scatterload_copy)
    i.__scatterload_null                     0x00001ce2   Section        2  handlers.o(i.__scatterload_null)
    i.__scatterload_zeroinit                 0x00001ce4   Section       14  handlers.o(i.__scatterload_zeroinit)
    i.__set_errno                            0x00001cf4   Section        0  errno.o(i.__set_errno)
    i._init_box                              0x00001d00   Section        0  rt_membox.o(i._init_box)
    i._printf_core                           0x00001d48   Section        0  printf6.o(i._printf_core)
    _printf_core                             0x00001d49   Thumb Code   750  printf6.o(i._printf_core)
    i._printf_post_padding                   0x0000203c   Section        0  printf6.o(i._printf_post_padding)
    _printf_post_padding                     0x0000203d   Thumb Code    38  printf6.o(i._printf_post_padding)
    i._printf_pre_padding                    0x00002062   Section        0  printf6.o(i._printf_pre_padding)
    _printf_pre_padding                      0x00002063   Thumb Code    48  printf6.o(i._printf_pre_padding)
    i._sputc                                 0x00002092   Section        0  printf6.o(i._sputc)
    _sputc                                   0x00002093   Thumb Code    10  printf6.o(i._sputc)
    i.dbg_init                               0x0000209c   Section        0  hal_cm3.o(i.dbg_init)
    i.dbg_task_notify                        0x000020cc   Section        0  hal_cm3.o(i.dbg_task_notify)
    i.dbg_task_switch                        0x000020ec   Section        0  hal_cm3.o(i.dbg_task_switch)
    i.free                                   0x000020fc   Section        0  malloc.o(i.free)
    i.hypot                                  0x0000214c   Section        0  hypot.o(i.hypot)
    i.malloc                                 0x000023e4   Section        0  malloc.o(i.malloc)
    i.os_tick_init                           0x00002450   Section        0  rt_system.o(i.os_tick_init)
    i.os_tick_irqack                         0x00002478   Section        0  rt_system.o(i.os_tick_irqack)
    i.rt_alloc_box                           0x0000247a   Section        0  rt_membox.o(i.rt_alloc_box)
    i.rt_block                               0x00002494   Section        0  rt_task.o(i.rt_block)
    i.rt_chk_robin                           0x000024cc   Section        0  rt_robin.o(i.rt_chk_robin)
    i.rt_dec_dly                             0x00002514   Section        0  rt_list.o(i.rt_dec_dly)
    i.rt_dispatch                            0x00002588   Section        0  rt_task.o(i.rt_dispatch)
    i.rt_dly_wait                            0x000025cc   Section        0  rt_time.o(i.rt_dly_wait)
    i.rt_evt_psh                             0x000025d4   Section        0  rt_event.o(i.rt_evt_psh)
    i.rt_free_box                            0x00002620   Section        0  rt_membox.o(i.rt_free_box)
    i.rt_get_first                           0x00002640   Section        0  rt_list.o(i.rt_get_first)
    i.rt_init_context                        0x00002668   Section        0  rt_task.o(i.rt_init_context)
    rt_init_context                          0x00002669   Thumb Code    64  rt_task.o(i.rt_init_context)
    i.rt_init_robin                          0x000026ac   Section        0  rt_robin.o(i.rt_init_robin)
    i.rt_init_stack                          0x000026c4   Section        0  hal_cm3.o(i.rt_init_stack)
    i.rt_mbx_psh                             0x00002714   Section        0  rt_mailbox.o(i.rt_mbx_psh)
    i.rt_mut_init                            0x000027d4   Section        0  rt_mutex.o(i.rt_mut_init)
    i.rt_mut_release                         0x000027e4   Section        0  rt_mutex.o(i.rt_mut_release)
    i.rt_mut_wait                            0x00002890   Section        0  rt_mutex.o(i.rt_mut_wait)
    i.rt_pop_req                             0x000028f4   Section        0  rt_system.o(i.rt_pop_req)
    i.rt_put_dly                             0x0000296c   Section        0  rt_list.o(i.rt_put_dly)
    i.rt_put_prio                            0x000029b4   Section        0  rt_list.o(i.rt_put_prio)
    i.rt_put_rdy_first                       0x000029ec   Section        0  rt_list.o(i.rt_put_rdy_first)
    i.rt_resort_prio                         0x00002a00   Section        0  rt_list.o(i.rt_resort_prio)
    i.rt_rmv_dly                             0x00002a34   Section        0  rt_list.o(i.rt_rmv_dly)
    i.rt_rmv_list                            0x00002a5c   Section        0  rt_list.o(i.rt_rmv_list)
    i.rt_sem_psh                             0x00002a8c   Section        0  rt_semaphore.o(i.rt_sem_psh)
    i.rt_stk_check                           0x00002ac0   Section        0  rt_system.o(i.rt_stk_check)
    i.rt_switch_req                          0x00002ae4   Section        0  rt_task.o(i.rt_switch_req)
    i.rt_sys_init                            0x00002b0c   Section        0  rt_task.o(i.rt_sys_init)
    i.rt_systick                             0x00002c64   Section        0  rt_system.o(i.rt_systick)
    i.rt_tmr_tick                            0x00002ca0   Section        0  rt_timer.o(i.rt_tmr_tick)
    i.rt_tsk_create                          0x00002ce0   Section        0  rt_task.o(i.rt_tsk_create)
    i.rt_tsk_delete                          0x00002d74   Section        0  rt_task.o(i.rt_tsk_delete)
    i.sqrt                                   0x00002e30   Section        0  sqrt.o(i.sqrt)
    .constdata                               0x00002e7e   Section        2  rtx_conf_cm.o(.constdata)
    .constdata                               0x00002e80   Section        4  rtx_conf_cm.o(.constdata)
    .constdata                               0x00002e84   Section        4  rtx_conf_cm.o(.constdata)
    .constdata                               0x00002e88   Section        4  rtx_conf_cm.o(.constdata)
    .constdata                               0x00002e8c   Section        1  rtx_conf_cm.o(.constdata)
    .constdata                               0x00002e90   Section        8  rtx_conf_cm.o(.constdata)
    __tagsym$$used                           0x00002e90   Number         0  rtx_conf_cm.o(.constdata)
    __tagsym$$used                           0x00002e94   Number         0  rtx_conf_cm.o(.constdata)
    .constdata                               0x00002e98   Section        2  rtx_conf_cm.o(.constdata)
    .constdata                               0x00002e9c   Section        4  rtx_conf_cm.o(.constdata)
    .constdata                               0x00002ea0   Section        1  rtx_conf_cm.o(.constdata)
    .constdata                               0x00002ea2   Section        2  rtx_conf_cm.o(.constdata)
    .constdata                               0x00002ea4   Section     6272  glcd_spi_lpc1700.o(.constdata)
    .constdata                               0x00004724   Section       32  led.o(.constdata)
    .constdata                               0x00004744   Section     3216  spaceship.o(.constdata)
    spaceship_0                              0x00004744   Data        3216  spaceship.o(.constdata)
    .constdata                               0x000053d4   Section       56  bullet.o(.constdata)
    bullet_image                             0x000053d4   Data          28  bullet.o(.constdata)
    clear_bullet_image                       0x000053f0   Data          28  bullet.o(.constdata)
    .constdata                               0x0000540c   Section     7280  asteroid.o(.constdata)
    clear_asteroid_image                     0x0000540c   Data        3216  asteroid.o(.constdata)
    asteroid_image                           0x0000609c   Data        4064  asteroid.o(.constdata)
    .data                                    0x10000000   Section        4  system_lpc17xx.o(.data)
    .data                                    0x10000004   Section        4  rtx_conf_cm.o(.data)
    .data                                    0x10000008   Section        6  glcd_spi_lpc1700.o(.data)
    Himax                                    0x10000008   Data           1  glcd_spi_lpc1700.o(.data)
    Color                                    0x1000000a   Data           4  glcd_spi_lpc1700.o(.data)
    .data                                    0x10000010   Section        4  main.o(.data)
    .data                                    0x10000014   Section       12  main.o(.data)
    .data                                    0x10000020   Section        8  bullet.o(.data)
    .data                                    0x10000028   Section        8  asteroid.o(.data)
    .data                                    0x10000030   Section        1  collisions.o(.data)
    .data                                    0x10000034   Section        8  rt_task.o(.data)
    .data                                    0x1000003c   Section        4  rt_time.o(.data)
    .data                                    0x10000040   Section        1  hal_cm3.o(.data)
    .data                                    0x10000044   Section        8  rt_system.o(.data)
    os_lock                                  0x10000044   Data           1  rt_system.o(.data)
    os_psh_flag                              0x10000045   Data           1  rt_system.o(.data)
    pend_flags                               0x10000046   Data           1  rt_system.o(.data)
    .data                                    0x1000004c   Section        8  rt_robin.o(.data)
    .data                                    0x10000054   Section        8  rt_timer.o(.data)
    .data                                    0x1000005c   Section        4  mvars.o(.data)
    .data                                    0x10000060   Section        4  mvars.o(.data)
    .data                                    0x10000064   Section        4  errno.o(.data)
    _errno                                   0x10000064   Data           4  errno.o(.data)
    .bss                                     0x10000068   Section      348  rtx_conf_cm.o(.bss)
    .bss                                     0x100001c8   Section     1616  rtx_conf_cm.o(.bss)
    .bss                                     0x10000818   Section      132  rtx_conf_cm.o(.bss)
    .bss                                     0x1000089c   Section       28  rtx_conf_cm.o(.bss)
    .bss                                     0x100008b8   Section       12  main.o(.bss)
    .bss                                     0x100008c4   Section       48  rt_task.o(.bss)
    .bss                                     0x100008f4   Section       48  rt_list.o(.bss)
    HEAP                                     0x10000928   Section        0  startup_lpc17xx.o(HEAP)
    STACK                                    0x10000928   Section      512  startup_lpc17xx.o(STACK)

    Global Symbols

    Symbol Name                              Value     Ov Type        Size  Object(Section)

    BuildAttributes$$THM_ISAv4$P$D$K$B$S$PE$A:L22UL41UL21$X:L11$S22US41US21$IEEE1$IW$USESV6$~STKCKD$USESV7$~SHL$OTIME$ROPI$IEEEX$EBA8$MICROLIB$REQ8$PRES8$EABIv2 0x00000000   Number         0  anon$$obj.o ABSOLUTE
    __ARM_use_no_argv                        0x00000000   Number         0  main.o ABSOLUTE
    __Vectors                                0x00000000   Data           4  startup_lpc17xx.o(RESET)
    _printf_a                                0x00000000   Number         0  stubs.o ABSOLUTE
    _printf_c                                0x00000000   Number         0  stubs.o ABSOLUTE
    _printf_charcount                        0x00000000   Number         0  stubs.o ABSOLUTE
    _printf_d                                0x00000000   Number         0  stubs.o ABSOLUTE
    _printf_e                                0x00000000   Number         0  stubs.o ABSOLUTE
    _printf_f                                0x00000000   Number         0  stubs.o ABSOLUTE
    _printf_flags                            0x00000000   Number         0  stubs.o ABSOLUTE
    _printf_fp_dec                           0x00000000   Number         0  stubs.o ABSOLUTE
    _printf_fp_hex                           0x00000000   Number         0  stubs.o ABSOLUTE
    _printf_g                                0x00000000   Number         0  stubs.o ABSOLUTE
    _printf_i                                0x00000000   Number         0  stubs.o ABSOLUTE
    _printf_int_dec                          0x00000000   Number         0  stubs.o ABSOLUTE
    _printf_l                                0x00000000   Number         0  stubs.o ABSOLUTE
    _printf_lc                               0x00000000   Number         0  stubs.o ABSOLUTE
    _printf_ll                               0x00000000   Number         0  stubs.o ABSOLUTE
    _printf_lld                              0x00000000   Number         0  stubs.o ABSOLUTE
    _printf_lli                              0x00000000   Number         0  stubs.o ABSOLUTE
    _printf_llo                              0x00000000   Number         0  stubs.o ABSOLUTE
    _printf_llu                              0x00000000   Number         0  stubs.o ABSOLUTE
    _printf_llx                              0x00000000   Number         0  stubs.o ABSOLUTE
    _printf_longlong_dec                     0x00000000   Number         0  stubs.o ABSOLUTE
    _printf_longlong_hex                     0x00000000   Number         0  stubs.o ABSOLUTE
    _printf_longlong_oct                     0x00000000   Number         0  stubs.o ABSOLUTE
    _printf_ls                               0x00000000   Number         0  stubs.o ABSOLUTE
    _printf_mbtowc                           0x00000000   Number         0  stubs.o ABSOLUTE
    _printf_n                                0x00000000   Number         0  stubs.o ABSOLUTE
    _printf_o                                0x00000000   Number         0  stubs.o ABSOLUTE
    _printf_p                                0x00000000   Number         0  stubs.o ABSOLUTE
    _printf_percent                          0x00000000   Number         0  stubs.o ABSOLUTE
    _printf_pre_padding                      0x00000000   Number         0  stubs.o ABSOLUTE
    _printf_return_value                     0x00000000   Number         0  stubs.o ABSOLUTE
    _printf_s                                0x00000000   Number         0  stubs.o ABSOLUTE
    _printf_sizespec                         0x00000000   Number         0  stubs.o ABSOLUTE
    _printf_str                              0x00000000   Number         0  stubs.o ABSOLUTE
    _printf_truncate_signed                  0x00000000   Number         0  stubs.o ABSOLUTE
    _printf_truncate_unsigned                0x00000000   Number         0  stubs.o ABSOLUTE
    _printf_u                                0x00000000   Number         0  stubs.o ABSOLUTE
    _printf_wc                               0x00000000   Number         0  stubs.o ABSOLUTE
    _printf_wctomb                           0x00000000   Number         0  stubs.o ABSOLUTE
    _printf_widthprec                        0x00000000   Number         0  stubs.o ABSOLUTE
    _printf_x                                0x00000000   Number         0  stubs.o ABSOLUTE
    __decompress                              - Undefined Weak Reference
    _clock_init                               - Undefined Weak Reference
    __main                                   0x000000cd   Thumb Code     0  entry.o(.ARM.Collect$$$$00000000)
    _main_stk                                0x000000cd   Thumb Code     0  entry2.o(.ARM.Collect$$$$00000001)
    _main_scatterload                        0x000000d1   Thumb Code     0  entry5.o(.ARM.Collect$$$$00000004)
    __main_after_scatterload                 0x000000d5   Thumb Code     0  entry5.o(.ARM.Collect$$$$00000004)
    _main_clock                              0x000000d5   Thumb Code     0  entry7b.o(.ARM.Collect$$$$00000008)
    _main_init                               0x000000d5   Thumb Code     0  entry8.o(.ARM.Collect$$$$00000009)
    rt_set_PSP                               0x000000e1   Thumb Code     6  hal_cm3.o(.emb_text)
    rt_get_PSP                               0x000000e7   Thumb Code     6  hal_cm3.o(.emb_text)
    os_set_env                               0x000000ed   Thumb Code    24  hal_cm3.o(.emb_text)
    _alloc_box                               0x00000109   Thumb Code    28  hal_cm3.o(.emb_text)
    _free_box                                0x00000129   Thumb Code    28  hal_cm3.o(.emb_text)
    SVC_Handler                              0x00000149   Thumb Code   124  hal_cm3.o(.emb_text)
    PendSV_Handler                           0x000001d1   Thumb Code    76  hal_cm3.o(.emb_text)
    SysTick_Handler                          0x00000221   Thumb Code     8  hal_cm3.o(.emb_text)
    OS_Tick_Handler                          0x00000229   Thumb Code    12  hal_cm3.o(.emb_text)
    Reset_Handler                            0x00000235   Thumb Code     8  startup_lpc17xx.o(.text)
    NMI_Handler                              0x0000023d   Thumb Code     2  startup_lpc17xx.o(.text)
    HardFault_Handler                        0x0000023f   Thumb Code     2  startup_lpc17xx.o(.text)
    MemManage_Handler                        0x00000241   Thumb Code     2  startup_lpc17xx.o(.text)
    BusFault_Handler                         0x00000243   Thumb Code     2  startup_lpc17xx.o(.text)
    UsageFault_Handler                       0x00000245   Thumb Code     2  startup_lpc17xx.o(.text)
    DebugMon_Handler                         0x00000249   Thumb Code     2  startup_lpc17xx.o(.text)
    ADC_IRQHandler                           0x0000024f   Thumb Code     0  startup_lpc17xx.o(.text)
    BOD_IRQHandler                           0x0000024f   Thumb Code     0  startup_lpc17xx.o(.text)
    CANActivity_IRQHandler                   0x0000024f   Thumb Code     0  startup_lpc17xx.o(.text)
    CAN_IRQHandler                           0x0000024f   Thumb Code     0  startup_lpc17xx.o(.text)
    DMA_IRQHandler                           0x0000024f   Thumb Code     0  startup_lpc17xx.o(.text)
    EINT0_IRQHandler                         0x0000024f   Thumb Code     0  startup_lpc17xx.o(.text)
    EINT1_IRQHandler                         0x0000024f   Thumb Code     0  startup_lpc17xx.o(.text)
    EINT2_IRQHandler                         0x0000024f   Thumb Code     0  startup_lpc17xx.o(.text)
    EINT3_IRQHandler                         0x0000024f   Thumb Code     0  startup_lpc17xx.o(.text)
    ENET_IRQHandler                          0x0000024f   Thumb Code     0  startup_lpc17xx.o(.text)
    I2C0_IRQHandler                          0x0000024f   Thumb Code     0  startup_lpc17xx.o(.text)
    I2C1_IRQHandler                          0x0000024f   Thumb Code     0  startup_lpc17xx.o(.text)
    I2C2_IRQHandler                          0x0000024f   Thumb Code     0  startup_lpc17xx.o(.text)
    I2S_IRQHandler                           0x0000024f   Thumb Code     0  startup_lpc17xx.o(.text)
    MCPWM_IRQHandler                         0x0000024f   Thumb Code     0  startup_lpc17xx.o(.text)
    PLL0_IRQHandler                          0x0000024f   Thumb Code     0  startup_lpc17xx.o(.text)
    PLL1_IRQHandler                          0x0000024f   Thumb Code     0  startup_lpc17xx.o(.text)
    PWM1_IRQHandler                          0x0000024f   Thumb Code     0  startup_lpc17xx.o(.text)
    QEI_IRQHandler                           0x0000024f   Thumb Code     0  startup_lpc17xx.o(.text)
    RIT_IRQHandler                           0x0000024f   Thumb Code     0  startup_lpc17xx.o(.text)
    RTC_IRQHandler                           0x0000024f   Thumb Code     0  startup_lpc17xx.o(.text)
    SPI_IRQHandler                           0x0000024f   Thumb Code     0  startup_lpc17xx.o(.text)
    SSP0_IRQHandler                          0x0000024f   Thumb Code     0  startup_lpc17xx.o(.text)
    SSP1_IRQHandler                          0x0000024f   Thumb Code     0  startup_lpc17xx.o(.text)
    TIMER0_IRQHandler                        0x0000024f   Thumb Code     0  startup_lpc17xx.o(.text)
    TIMER1_IRQHandler                        0x0000024f   Thumb Code     0  startup_lpc17xx.o(.text)
    TIMER2_IRQHandler                        0x0000024f   Thumb Code     0  startup_lpc17xx.o(.text)
    TIMER3_IRQHandler                        0x0000024f   Thumb Code     0  startup_lpc17xx.o(.text)
    UART0_IRQHandler                         0x0000024f   Thumb Code     0  startup_lpc17xx.o(.text)
    UART1_IRQHandler                         0x0000024f   Thumb Code     0  startup_lpc17xx.o(.text)
    UART2_IRQHandler                         0x0000024f   Thumb Code     0  startup_lpc17xx.o(.text)
    UART3_IRQHandler                         0x0000024f   Thumb Code     0  startup_lpc17xx.o(.text)
    USBActivity_IRQHandler                   0x0000024f   Thumb Code     0  startup_lpc17xx.o(.text)
    USB_IRQHandler                           0x0000024f   Thumb Code     0  startup_lpc17xx.o(.text)
    WDT_IRQHandler                           0x0000024f   Thumb Code     0  startup_lpc17xx.o(.text)
    os_idle_demon                            0x00000259   Thumb Code     2  rtx_conf_cm.o(.text)
    os_tmr_call                              0x0000025b   Thumb Code     2  rtx_conf_cm.o(.text)
    os_error                                 0x0000025d   Thumb Code     2  rtx_conf_cm.o(.text)
    KBD_Init                                 0x00000261   Thumb Code    38  kbd.o(.text)
    KBD_Get                                  0x00000287   Thumb Code    12  kbd.o(.text)
    INT0_Get                                 0x00000293   Thumb Code    10  kbd.o(.text)
    draw_ship                                0x000002a9   Thumb Code    30  spaceship.o(.text)
    set_position                             0x000002c7   Thumb Code     6  spaceship.o(.text)
    update_position                          0x000002cd   Thumb Code    18  spaceship.o(.text)
    set_speed                                0x000002df   Thumb Code     6  spaceship.o(.text)
    SVC_Count                                0x000002e8   Data           4  SVC_Table.o(SVC_TABLE)
    __I$use$fp                               0x000002e9   Thumb Code     0  iusefp.o(.text)
    SVC_Table                                0x000002ec   Data           0  SVC_Table.o(SVC_TABLE)
    __mathlib_dbl_underflow                  0x000002ed   Thumb Code    10  dunder.o(i.__mathlib_dbl_underflow)
    SystemCoreClockUpdate                    0x00000301   Thumb Code   194  system_lpc17xx.o(.text)
    SystemInit                               0x000003c3   Thumb Code   194  system_lpc17xx.o(.text)
    __RL_RTX_VER                             0x00000460   Number         0  rt_system.o ABSOLUTE
    GLCD_Init                                0x0000050f   Thumb Code  1472  glcd_spi_lpc1700.o(.text)
    GLCD_SetWindow                           0x00000acf   Thumb Code   148  glcd_spi_lpc1700.o(.text)
    GLCD_WindowMax                           0x00000b63   Thumb Code    12  glcd_spi_lpc1700.o(.text)
    GLCD_PutPixel                            0x00000b6f   Thumb Code   118  glcd_spi_lpc1700.o(.text)
    GLCD_SetTextColor                        0x00000be5   Thumb Code     8  glcd_spi_lpc1700.o(.text)
    GLCD_SetBackColor                        0x00000bed   Thumb Code     8  glcd_spi_lpc1700.o(.text)
    GLCD_Clear                               0x00000bf5   Thumb Code    44  glcd_spi_lpc1700.o(.text)
    GLCD_DrawChar                            0x00000c21   Thumb Code   138  glcd_spi_lpc1700.o(.text)
    GLCD_DisplayChar                         0x00000cab   Thumb Code    66  glcd_spi_lpc1700.o(.text)
    GLCD_DisplayString                       0x00000ced   Thumb Code    36  glcd_spi_lpc1700.o(.text)
    GLCD_ClearLn                             0x00000d11   Thumb Code    72  glcd_spi_lpc1700.o(.text)
    GLCD_Bargraph                            0x00000d59   Thumb Code    84  glcd_spi_lpc1700.o(.text)
    GLCD_Bitmap                              0x00000dad   Thumb Code    64  glcd_spi_lpc1700.o(.text)
    GLCD_ScrollVertical                      0x00000ded   Thumb Code     2  glcd_spi_lpc1700.o(.text)
    GLCD_WrCmd                               0x00000def   Thumb Code     4  glcd_spi_lpc1700.o(.text)
    GLCD_WrReg                               0x00000df3   Thumb Code     4  glcd_spi_lpc1700.o(.text)
    LED_Init                                 0x00000efd   Thumb Code    30  led.o(.text)
    LED_On                                   0x00000f1b   Thumb Code    28  led.o(.text)
    LED_Off                                  0x00000f37   Thumb Code    28  led.o(.text)
    LED_Out                                  0x00000f53   Thumb Code    38  led.o(.text)
    LED_Toggle                               0x00000f79   Thumb Code    28  led.o(.text)
    LED_on                                   0x00000fa1   Thumb Code    58  main.o(.text)
    LED_off                                  0x00000fdb   Thumb Code    58  main.o(.text)
    led                                      0x00001015   Thumb Code    42  main.o(.text)
    keyread                                  0x0000103f   Thumb Code    32  main.o(.text)
    adc                                      0x0000105f   Thumb Code    86  main.o(.text)
    joystick                                 0x000010b5   Thumb Code   100  main.o(.text)
    lcd                                      0x00001119   Thumb Code   162  main.o(.text)
    moveables_manager                        0x000011bb   Thumb Code    72  main.o(.text)
    collision_detection                      0x00001203   Thumb Code    34  main.o(.text)
    monitor                                  0x00001225   Thumb Code    64  main.o(.text)
    init_ship                                0x00001265   Thumb Code    58  main.o(.text)
    init                                     0x0000129f   Thumb Code   100  main.o(.text)
    main                                     0x00001303   Thumb Code    46  main.o(.text)
    ADC_Init                                 0x000013e9   Thumb Code    40  adc.o(.text)
    ADC_update_value                         0x00001411   Thumb Code    20  adc.o(.text)
    ADC_start_conversion                     0x00001425   Thumb Code    12  adc.o(.text)
    draw_bullet                              0x00001449   Thumb Code    30  bullet.o(.text)
    erase_bullet                             0x00001467   Thumb Code    32  bullet.o(.text)
    create_bullet                            0x00001487   Thumb Code    30  bullet.o(.text)
    add_bullet                               0x000014a5   Thumb Code    18  bullet.o(.text)
    delete_bullet                            0x000014b7   Thumb Code    22  bullet.o(.text)
    update_bullet                            0x000014cd   Thumb Code    18  bullet.o(.text)
    shoot                                    0x000014df   Thumb Code    20  bullet.o(.text)
    update_bullets_in_frame                  0x000014f3   Thumb Code    64  bullet.o(.text)
    get_num_bullets                          0x00001533   Thumb Code     8  bullet.o(.text)
    get_bullet_list                          0x0000153b   Thumb Code     4  bullet.o(.text)
    add_list_node                            0x00001549   Thumb Code    34  linked_list.o(.text)
    remove_list_node                         0x0000156b   Thumb Code    38  linked_list.o(.text)
    draw_asteroid                            0x00001591   Thumb Code    30  asteroid.o(.text)
    erase_asteroid                           0x000015af   Thumb Code    30  asteroid.o(.text)
    create_asteroid                          0x000015cd   Thumb Code    30  asteroid.o(.text)
    add_asteroid                             0x000015eb   Thumb Code    18  asteroid.o(.text)
    delete_asteroid                          0x000015fd   Thumb Code    22  asteroid.o(.text)
    update_asteroid                          0x00001613   Thumb Code    18  asteroid.o(.text)
    update_asteroids_in_frame                0x00001625   Thumb Code    58  asteroid.o(.text)
    spawn_asteroid                           0x0000165f   Thumb Code    10  asteroid.o(.text)
    get_num_asteroids                        0x00001669   Thumb Code     8  asteroid.o(.text)
    get_asteroid_list                        0x00001671   Thumb Code     4  asteroid.o(.text)
    handle_collisions                        0x00001681   Thumb Code   170  collisions.o(.text)
    is_collision_detected                    0x0000172b   Thumb Code     6  collisions.o(.text)
    __aeabi_uldivmod                         0x0000173d   Thumb Code    98  uldiv.o(.text)
    __aeabi_i2d                              0x0000179f   Thumb Code    34  dflti.o(.text)
    __aeabi_cdcmpeq                          0x000017c1   Thumb Code     0  cdcmple.o(.text)
    __aeabi_cdcmple                          0x000017c1   Thumb Code    38  cdcmple.o(.text)
    __aeabi_uidiv                            0x000017e9   Thumb Code     0  uidiv.o(.text)
    __aeabi_uidivmod                         0x000017e9   Thumb Code    44  uidiv.o(.text)
    __aeabi_llsl                             0x00001815   Thumb Code    30  llshl.o(.text)
    _ll_shift_l                              0x00001815   Thumb Code     0  llshl.o(.text)
    __aeabi_llsr                             0x00001833   Thumb Code    32  llushr.o(.text)
    _ll_ushift_r                             0x00001833   Thumb Code     0  llushr.o(.text)
    _double_round                            0x00001853   Thumb Code    26  depilogue.o(.text)
    _double_epilogue                         0x0000186d   Thumb Code   164  depilogue.o(.text)
    __aeabi_dadd                             0x00001911   Thumb Code   322  dadd.o(.text)
    __aeabi_dsub                             0x00001a53   Thumb Code     6  dadd.o(.text)
    __aeabi_drsub                            0x00001a59   Thumb Code     6  dadd.o(.text)
    __aeabi_dmul                             0x00001a5f   Thumb Code   228  dmul.o(.text)
    __ARM_scalbn                             0x00001b43   Thumb Code    46  dscalb.o(.text)
    scalbn                                   0x00001b43   Thumb Code     0  dscalb.o(.text)
    __aeabi_cdrcmple                         0x00001b71   Thumb Code    38  cdrcmple.o(.text)
    __scatterload                            0x00001b99   Thumb Code    28  init.o(.text)
    __scatterload_rt2                        0x00001b99   Thumb Code     0  init.o(.text)
    __aeabi_lasr                             0x00001bbd   Thumb Code    36  llsshr.o(.text)
    _ll_sshift_r                             0x00001bbd   Thumb Code     0  llsshr.o(.text)
    _dsqrt                                   0x00001be1   Thumb Code   162  dsqrt.o(.text)
    __0sprintf$6                             0x00001c85   Thumb Code    34  printf6.o(i.__0sprintf$6)
    __1sprintf$6                             0x00001c85   Thumb Code     0  printf6.o(i.__0sprintf$6)
    __2sprintf                               0x00001c85   Thumb Code     0  printf6.o(i.__0sprintf$6)
    __ARM_fpclassify                         0x00001cad   Thumb Code    40  fpclassify.o(i.__ARM_fpclassify)
    __scatterload_copy                       0x00001cd5   Thumb Code    14  handlers.o(i.__scatterload_copy)
    __scatterload_null                       0x00001ce3   Thumb Code     2  handlers.o(i.__scatterload_null)
    __scatterload_zeroinit                   0x00001ce5   Thumb Code    14  handlers.o(i.__scatterload_zeroinit)
    __set_errno                              0x00001cf5   Thumb Code     6  errno.o(i.__set_errno)
    _init_box                                0x00001d01   Thumb Code    70  rt_membox.o(i._init_box)
    dbg_init                                 0x0000209d   Thumb Code    34  hal_cm3.o(i.dbg_init)
    dbg_task_notify                          0x000020cd   Thumb Code    32  hal_cm3.o(i.dbg_task_notify)
    dbg_task_switch                          0x000020ed   Thumb Code    16  hal_cm3.o(i.dbg_task_switch)
    free                                     0x000020fd   Thumb Code    76  malloc.o(i.free)
    hypot                                    0x0000214d   Thumb Code   644  hypot.o(i.hypot)
    malloc                                   0x000023e5   Thumb Code    92  malloc.o(i.malloc)
    os_tick_init                             0x00002451   Thumb Code    32  rt_system.o(i.os_tick_init)
    os_tick_irqack                           0x00002479   Thumb Code     2  rt_system.o(i.os_tick_irqack)
    rt_alloc_box                             0x0000247b   Thumb Code    26  rt_membox.o(i.rt_alloc_box)
    rt_block                                 0x00002495   Thumb Code    48  rt_task.o(i.rt_block)
    rt_chk_robin                             0x000024cd   Thumb Code    60  rt_robin.o(i.rt_chk_robin)
    rt_dec_dly                               0x00002515   Thumb Code   106  rt_list.o(i.rt_dec_dly)
    rt_dispatch                              0x00002589   Thumb Code    60  rt_task.o(i.rt_dispatch)
    rt_dly_wait                              0x000025cd   Thumb Code     6  rt_time.o(i.rt_dly_wait)
    rt_evt_psh                               0x000025d5   Thumb Code    72  rt_event.o(i.rt_evt_psh)
    rt_free_box                              0x00002621   Thumb Code    32  rt_membox.o(i.rt_free_box)
    rt_get_first                             0x00002641   Thumb Code    40  rt_list.o(i.rt_get_first)
    rt_init_robin                            0x000026ad   Thumb Code    14  rt_robin.o(i.rt_init_robin)
    rt_init_stack                            0x000026c5   Thumb Code    70  hal_cm3.o(i.rt_init_stack)
    rt_mbx_psh                               0x00002715   Thumb Code   188  rt_mailbox.o(i.rt_mbx_psh)
    rt_mut_init                              0x000027d5   Thumb Code    16  rt_mutex.o(i.rt_mut_init)
    rt_mut_release                           0x000027e5   Thumb Code   164  rt_mutex.o(i.rt_mut_release)
    rt_mut_wait                              0x00002891   Thumb Code    96  rt_mutex.o(i.rt_mut_wait)
    rt_pop_req                               0x000028f5   Thumb Code   106  rt_system.o(i.rt_pop_req)
    rt_put_dly                               0x0000296d   Thumb Code    68  rt_list.o(i.rt_put_dly)
    rt_put_prio                              0x000029b5   Thumb Code    54  rt_list.o(i.rt_put_prio)
    rt_put_rdy_first                         0x000029ed   Thumb Code    14  rt_list.o(i.rt_put_rdy_first)
    rt_resort_prio                           0x00002a01   Thumb Code    46  rt_list.o(i.rt_resort_prio)
    rt_rmv_dly                               0x00002a35   Thumb Code    40  rt_list.o(i.rt_rmv_dly)
    rt_rmv_list                              0x00002a5d   Thumb Code    44  rt_list.o(i.rt_rmv_list)
    rt_sem_psh                               0x00002a8d   Thumb Code    46  rt_semaphore.o(i.rt_sem_psh)
    rt_stk_check                             0x00002ac1   Thumb Code    28  rt_system.o(i.rt_stk_check)
    rt_switch_req                            0x00002ae5   Thumb Code    30  rt_task.o(i.rt_switch_req)
    rt_sys_init                              0x00002b0d   Thumb Code   266  rt_task.o(i.rt_sys_init)
    rt_systick                               0x00002c65   Thumb Code    48  rt_system.o(i.rt_systick)
    rt_tmr_tick                              0x00002ca1   Thumb Code    56  rt_timer.o(i.rt_tmr_tick)
    rt_tsk_create                            0x00002ce1   Thumb Code   126  rt_task.o(i.rt_tsk_create)
    rt_tsk_delete                            0x00002d75   Thumb Code   162  rt_task.o(i.rt_tsk_delete)
    sqrt                                     0x00002e31   Thumb Code    78  sqrt.o(i.sqrt)
    os_maxtaskrun                            0x00002e7e   Data           2  rtx_conf_cm.o(.constdata)
    os_stackinfo                             0x00002e80   Data           4  rtx_conf_cm.o(.constdata)
    os_rrobin                                0x00002e84   Data           4  rtx_conf_cm.o(.constdata)
    os_trv                                   0x00002e88   Data           4  rtx_conf_cm.o(.constdata)
    os_flags                                 0x00002e8c   Data           1  rtx_conf_cm.o(.constdata)
    os_clockrate                             0x00002e90   Data           4  rtx_conf_cm.o(.constdata)
    os_timernum                              0x00002e94   Data           4  rtx_conf_cm.o(.constdata)
    mp_tcb_size                              0x00002e98   Data           2  rtx_conf_cm.o(.constdata)
    mp_stk_size                              0x00002e9c   Data           4  rtx_conf_cm.o(.constdata)
    os_fifo_size                             0x00002ea0   Data           1  rtx_conf_cm.o(.constdata)
    mp_tmr_size                              0x00002ea2   Data           2  rtx_conf_cm.o(.constdata)
    Font_6x8_h                               0x00002ea4   Data         896  glcd_spi_lpc1700.o(.constdata)
    Font_16x24_h                             0x00003224   Data        5376  glcd_spi_lpc1700.o(.constdata)
    led_mask                                 0x00004724   Data          32  led.o(.constdata)
    Region$$Table$$Base                      0x0000707c   Number         0  anon$$obj.o(Region$$Table)
    Region$$Table$$Limit                     0x0000709c   Number         0  anon$$obj.o(Region$$Table)
    SystemCoreClock                          0x10000000   Data           4  system_lpc17xx.o(.data)
    m_tmr                                    0x10000004   Data           4  rtx_conf_cm.o(.data)
    ADCStat                                  0x10000010   Data           4  main.o(.data)
    ADCValue                                 0x10000014   Data           4  main.o(.data)
    ship                                     0x10000018   Data           8  main.o(.data)
    bullet_list                              0x10000020   Data           8  bullet.o(.data)
    asteroid_list                            0x10000028   Data           8  asteroid.o(.data)
    COLLISION_DETECTED                       0x10000030   Data           1  collisions.o(.data)
    os_tsk                                   0x10000034   Data           8  rt_task.o(.data)
    os_time                                  0x1000003c   Data           4  rt_time.o(.data)
    dbg_msg                                  0x10000040   Data           1  hal_cm3.o(.data)
    os_tick_irqn                             0x10000048   Data           4  rt_system.o(.data)
    os_robin                                 0x1000004c   Data           8  rt_robin.o(.data)
    os_tmr                                   0x10000054   Data           8  rt_timer.o(.data)
    __microlib_freelist                      0x1000005c   Data           4  mvars.o(.data)
    __microlib_freelist_initialised          0x10000060   Data           4  mvars.o(.data)
    mp_tcb                                   0x10000068   Data         348  rtx_conf_cm.o(.bss)
    mp_stk                                   0x100001c8   Data        1616  rtx_conf_cm.o(.bss)
    os_fifo                                  0x10000818   Data         132  rtx_conf_cm.o(.bss)
    os_active_TCB                            0x1000089c   Data          28  rtx_conf_cm.o(.bss)
    mut_GLCD                                 0x100008b8   Data          12  main.o(.bss)
    os_idle_TCB                              0x100008c4   Data          48  rt_task.o(.bss)
    os_rdy                                   0x100008f4   Data          24  rt_list.o(.bss)
    os_dly                                   0x1000090c   Data          24  rt_list.o(.bss)
    __heap_base                              0x10000928   Data           0  startup_lpc17xx.o(HEAP)
    __heap_limit                             0x10000928   Data           0  startup_lpc17xx.o(HEAP)
    __initial_sp                             0x10000b28   Data           0  startup_lpc17xx.o(STACK)



==============================================================================

Memory Map of the image

  Image Entry point : 0x000000cd

  Load Region LR_IROM1 (Base: 0x00000000, Size: 0x00007104, Max: 0x00080000, ABSOLUTE)

    Execution Region ER_IROM1 (Base: 0x00000000, Size: 0x0000709c, Max: 0x00080000, ABSOLUTE)

    Base Addr    Size         Type   Attr      Idx    E Section Name        Object

    0x00000000   0x000000cc   Data   RO            3    RESET               startup_lpc17xx.o
    0x000000cc   0x00000000   Code   RO          968  * .ARM.Collect$$$$00000000  mc_w.l(entry.o)
    0x000000cc   0x00000004   Code   RO         1278    .ARM.Collect$$$$00000001  mc_w.l(entry2.o)
    0x000000d0   0x00000004   Code   RO         1281    .ARM.Collect$$$$00000004  mc_w.l(entry5.o)
    0x000000d4   0x00000000   Code   RO         1283    .ARM.Collect$$$$00000008  mc_w.l(entry7b.o)
    0x000000d4   0x00000008   Code   RO         1284    .ARM.Collect$$$$00000009  mc_w.l(entry8.o)
    0x000000dc   0x00000004   Code   RO         1279    .ARM.Collect$$$$00002712  mc_w.l(entry2.o)
    0x000000e0   0x00000154   Code   RO          545    .emb_text           RTX_CM3.LIB(hal_cm3.o)
    0x00000234   0x00000024   Code   RO            5    .text               startup_lpc17xx.o
    0x00000258   0x00000006   Code   RO           56    .text               rtx_conf_cm.o
    0x0000025e   0x00000002   PAD
    0x00000260   0x00000048   Code   RO          233    .text               kbd.o
    0x000002a8   0x00000040   Code   RO          282    .text               spaceship.o
    0x000002e8   0x00000000   Code   RO         1307    .text               mc_w.l(iusefp.o)
    0x000002e8   0x00000004   Code   RO          804    SVC_TABLE           RTX_CM3.LIB(SVC_Table.o)
    0x000002ec   0x00000010   Code   RO         1266    i.__mathlib_dbl_underflow  m_ws.l(dunder.o)
    0x000002fc   0x00000004   Code   RO            4    .ARM.__at_0x02FC    startup_lpc17xx.o
    0x00000300   0x000001a4   Code   RO           15    .text               system_lpc17xx.o
    0x000004a4   0x00000a58   Code   RO           93    .text               glcd_spi_lpc1700.o
    0x00000efc   0x000000a4   Code   RO          138    .text               led.o
    0x00000fa0   0x00000448   Code   RO          172    .text               main.o
    0x000013e8   0x00000060   Code   RO          260    .text               adc.o
    0x00001448   0x00000100   Code   RO          308    .text               bullet.o
    0x00001548   0x00000048   Code   RO          331    .text               linked_list.o
    0x00001590   0x000000f0   Code   RO          343    .text               asteroid.o
    0x00001680   0x000000bc   Code   RO          363    .text               collisions.o
    0x0000173c   0x00000062   Code   RO          971    .text               mc_w.l(uldiv.o)
    0x0000179e   0x00000022   Code   RO         1262    .text               mf_w.l(dflti.o)
    0x000017c0   0x00000028   Code   RO         1264    .text               mf_w.l(cdcmple.o)
    0x000017e8   0x0000002c   Code   RO         1288    .text               mc_w.l(uidiv.o)
    0x00001814   0x0000001e   Code   RO         1290    .text               mc_w.l(llshl.o)
    0x00001832   0x00000020   Code   RO         1292    .text               mc_w.l(llushr.o)
    0x00001852   0x000000be   Code   RO         1308    .text               mf_w.l(depilogue.o)
    0x00001910   0x0000014e   Code   RO         1310    .text               mf_w.l(dadd.o)
    0x00001a5e   0x000000e4   Code   RO         1312    .text               mf_w.l(dmul.o)
    0x00001b42   0x0000002e   Code   RO         1316    .text               mf_w.l(dscalb.o)
    0x00001b70   0x00000028   Code   RO         1320    .text               mf_w.l(cdrcmple.o)
    0x00001b98   0x00000024   Code   RO         1322    .text               mc_w.l(init.o)
    0x00001bbc   0x00000024   Code   RO         1325    .text               mc_w.l(llsshr.o)
    0x00001be0   0x000000a2   Code   RO         1328    .text               mf_w.l(dsqrt.o)
    0x00001c82   0x00000002   PAD
    0x00001c84   0x00000028   Code   RO         1130    i.__0sprintf$6      mc_w.l(printf6.o)
    0x00001cac   0x00000028   Code   RO         1268    i.__ARM_fpclassify  m_ws.l(fpclassify.o)
    0x00001cd4   0x0000000e   Code   RO         1332    i.__scatterload_copy  mc_w.l(handlers.o)
    0x00001ce2   0x00000002   Code   RO         1333    i.__scatterload_null  mc_w.l(handlers.o)
    0x00001ce4   0x0000000e   Code   RO         1334    i.__scatterload_zeroinit  mc_w.l(handlers.o)
    0x00001cf2   0x00000002   PAD
    0x00001cf4   0x0000000c   Code   RO         1302    i.__set_errno       mc_w.l(errno.o)
    0x00001d00   0x00000046   Code   RO          771    i._init_box         RTX_CM3.LIB(rt_membox.o)
    0x00001d46   0x00000002   PAD
    0x00001d48   0x000002f4   Code   RO         1135    i._printf_core      mc_w.l(printf6.o)
    0x0000203c   0x00000026   Code   RO         1136    i._printf_post_padding  mc_w.l(printf6.o)
    0x00002062   0x00000030   Code   RO         1137    i._printf_pre_padding  mc_w.l(printf6.o)
    0x00002092   0x0000000a   Code   RO         1139    i._sputc            mc_w.l(printf6.o)
    0x0000209c   0x00000030   Code   RO          546    i.dbg_init          RTX_CM3.LIB(hal_cm3.o)
    0x000020cc   0x00000020   Code   RO          547    i.dbg_task_notify   RTX_CM3.LIB(hal_cm3.o)
    0x000020ec   0x00000010   Code   RO          548    i.dbg_task_switch   RTX_CM3.LIB(hal_cm3.o)
    0x000020fc   0x00000050   Code   RO         1234    i.free              mc_w.l(malloc.o)
    0x0000214c   0x00000298   Code   RO          961    i.hypot             m_ws.l(hypot.o)
    0x000023e4   0x0000006c   Code   RO         1235    i.malloc            mc_w.l(malloc.o)
    0x00002450   0x00000028   Code   RO          587    i.os_tick_init      RTX_CM3.LIB(rt_system.o)
    0x00002478   0x00000002   Code   RO          588    i.os_tick_irqack    RTX_CM3.LIB(rt_system.o)
    0x0000247a   0x0000001a   Code   RO          772    i.rt_alloc_box      RTX_CM3.LIB(rt_membox.o)
    0x00002494   0x00000038   Code   RO          385    i.rt_block          RTX_CM3.LIB(rt_task.o)
    0x000024cc   0x00000048   Code   RO          749    i.rt_chk_robin      RTX_CM3.LIB(rt_robin.o)
    0x00002514   0x00000074   Code   RO          670    i.rt_dec_dly        RTX_CM3.LIB(rt_list.o)
    0x00002588   0x00000044   Code   RO          386    i.rt_dispatch       RTX_CM3.LIB(rt_task.o)
    0x000025cc   0x00000006   Code   RO          484    i.rt_dly_wait       RTX_CM3.LIB(rt_time.o)
    0x000025d2   0x00000002   PAD
    0x000025d4   0x0000004c   Code   RO          810    i.rt_evt_psh        RTX_CM3.LIB(rt_event.o)
    0x00002620   0x00000020   Code   RO          773    i.rt_free_box       RTX_CM3.LIB(rt_membox.o)
    0x00002640   0x00000028   Code   RO          671    i.rt_get_first      RTX_CM3.LIB(rt_list.o)
    0x00002668   0x00000044   Code   RO          387    i.rt_init_context   RTX_CM3.LIB(rt_task.o)
    0x000026ac   0x00000018   Code   RO          750    i.rt_init_robin     RTX_CM3.LIB(rt_robin.o)
    0x000026c4   0x00000050   Code   RO          549    i.rt_init_stack     RTX_CM3.LIB(hal_cm3.o)
    0x00002714   0x000000c0   Code   RO          853    i.rt_mbx_psh        RTX_CM3.LIB(rt_mailbox.o)
    0x000027d4   0x00000010   Code   RO          521    i.rt_mut_init       RTX_CM3.LIB(rt_mutex.o)
    0x000027e4   0x000000ac   Code   RO          522    i.rt_mut_release    RTX_CM3.LIB(rt_mutex.o)
    0x00002890   0x00000064   Code   RO          523    i.rt_mut_wait       RTX_CM3.LIB(rt_mutex.o)
    0x000028f4   0x00000078   Code   RO          589    i.rt_pop_req        RTX_CM3.LIB(rt_system.o)
    0x0000296c   0x00000048   Code   RO          674    i.rt_put_dly        RTX_CM3.LIB(rt_list.o)
    0x000029b4   0x00000036   Code   RO          675    i.rt_put_prio       RTX_CM3.LIB(rt_list.o)
    0x000029ea   0x00000002   PAD
    0x000029ec   0x00000014   Code   RO          676    i.rt_put_rdy_first  RTX_CM3.LIB(rt_list.o)
    0x00002a00   0x00000034   Code   RO          677    i.rt_resort_prio    RTX_CM3.LIB(rt_list.o)
    0x00002a34   0x00000028   Code   RO          678    i.rt_rmv_dly        RTX_CM3.LIB(rt_list.o)
    0x00002a5c   0x00000030   Code   RO          679    i.rt_rmv_list       RTX_CM3.LIB(rt_list.o)
    0x00002a8c   0x00000034   Code   RO          899    i.rt_sem_psh        RTX_CM3.LIB(rt_semaphore.o)
    0x00002ac0   0x00000024   Code   RO          592    i.rt_stk_check      RTX_CM3.LIB(rt_system.o)
    0x00002ae4   0x00000028   Code   RO          388    i.rt_switch_req     RTX_CM3.LIB(rt_task.o)
    0x00002b0c   0x00000158   Code   RO          389    i.rt_sys_init       RTX_CM3.LIB(rt_task.o)
    0x00002c64   0x0000003c   Code   RO          594    i.rt_systick        RTX_CM3.LIB(rt_system.o)
    0x00002ca0   0x00000040   Code   RO          935    i.rt_tmr_tick       RTX_CM3.LIB(rt_timer.o)
    0x00002ce0   0x00000094   Code   RO          390    i.rt_tsk_create     RTX_CM3.LIB(rt_task.o)
    0x00002d74   0x000000bc   Code   RO          391    i.rt_tsk_delete     RTX_CM3.LIB(rt_task.o)
    0x00002e30   0x0000004e   Code   RO         1271    i.sqrt              m_ws.l(sqrt.o)
    0x00002e7e   0x00000002   Data   RO           61    .constdata          rtx_conf_cm.o
    0x00002e80   0x00000004   Data   RO           62    .constdata          rtx_conf_cm.o
    0x00002e84   0x00000004   Data   RO           63    .constdata          rtx_conf_cm.o
    0x00002e88   0x00000004   Data   RO           64    .constdata          rtx_conf_cm.o
    0x00002e8c   0x00000001   Data   RO           65    .constdata          rtx_conf_cm.o
    0x00002e8d   0x00000003   PAD
    0x00002e90   0x00000008   Data   RO           66    .constdata          rtx_conf_cm.o
    0x00002e98   0x00000002   Data   RO           67    .constdata          rtx_conf_cm.o
    0x00002e9a   0x00000002   PAD
    0x00002e9c   0x00000004   Data   RO           68    .constdata          rtx_conf_cm.o
    0x00002ea0   0x00000001   Data   RO           69    .constdata          rtx_conf_cm.o
    0x00002ea1   0x00000001   PAD
    0x00002ea2   0x00000002   Data   RO           70    .constdata          rtx_conf_cm.o
    0x00002ea4   0x00001880   Data   RO           94    .constdata          glcd_spi_lpc1700.o
    0x00004724   0x00000020   Data   RO          139    .constdata          led.o
    0x00004744   0x00000c90   Data   RO          283    .constdata          spaceship.o
    0x000053d4   0x00000038   Data   RO          309    .constdata          bullet.o
    0x0000540c   0x00001c70   Data   RO          344    .constdata          asteroid.o
    0x0000707c   0x00000020   Data   RO         1330    Region$$Table       anon$$obj.o


    Execution Region RW_IRAM1 (Base: 0x10000000, Size: 0x00000b28, Max: 0x00008000, ABSOLUTE)

    Base Addr    Size         Type   Attr      Idx    E Section Name        Object

    0x10000000   0x00000004   Data   RW           16    .data               system_lpc17xx.o
    0x10000004   0x00000004   Data   RW           71    .data               rtx_conf_cm.o
    0x10000008   0x00000006   Data   RW           95    .data               glcd_spi_lpc1700.o
    0x1000000e   0x00000002   PAD
    0x10000010   0x00000004   Data   RW          174    .data               main.o
    0x10000014   0x0000000c   Data   RW          175    .data               main.o
    0x10000020   0x00000008   Data   RW          310    .data               bullet.o
    0x10000028   0x00000008   Data   RW          345    .data               asteroid.o
    0x10000030   0x00000001   Data   RW          364    .data               collisions.o
    0x10000031   0x00000003   PAD
    0x10000034   0x00000008   Data   RW          396    .data               RTX_CM3.LIB(rt_task.o)
    0x1000003c   0x00000004   Data   RW          488    .data               RTX_CM3.LIB(rt_time.o)
    0x10000040   0x00000001   Data   RW          550    .data               RTX_CM3.LIB(hal_cm3.o)
    0x10000041   0x00000003   PAD
    0x10000044   0x00000008   Data   RW          597    .data               RTX_CM3.LIB(rt_system.o)
    0x1000004c   0x00000008   Data   RW          751    .data               RTX_CM3.LIB(rt_robin.o)
    0x10000054   0x00000008   Data   RW          936    .data               RTX_CM3.LIB(rt_timer.o)
    0x1000005c   0x00000004   Data   RW         1298    .data               mc_w.l(mvars.o)
    0x10000060   0x00000004   Data   RW         1299    .data               mc_w.l(mvars.o)
    0x10000064   0x00000004   Data   RW         1303    .data               mc_w.l(errno.o)
    0x10000068   0x0000015c   Zero   RW           57    .bss                rtx_conf_cm.o
    0x100001c4   0x00000004   PAD
    0x100001c8   0x00000650   Zero   RW           58    .bss                rtx_conf_cm.o
    0x10000818   0x00000084   Zero   RW           59    .bss                rtx_conf_cm.o
    0x1000089c   0x0000001c   Zero   RW           60    .bss                rtx_conf_cm.o
    0x100008b8   0x0000000c   Zero   RW          173    .bss                main.o
    0x100008c4   0x00000030   Zero   RW          395    .bss                RTX_CM3.LIB(rt_task.o)
    0x100008f4   0x00000030   Zero   RW          680    .bss                RTX_CM3.LIB(rt_list.o)
    0x10000924   0x00000004   PAD
    0x10000928   0x00000000   Zero   RW            2    HEAP                startup_lpc17xx.o
    0x10000928   0x00000200   Zero   RW            1    STACK               startup_lpc17xx.o


==============================================================================

Image component sizes


      Code (inc. data)   RO Data    RW Data    ZI Data      Debug   Object Name

        96         24          0          0          0        613   adc.o
       240         12       7280          8          0       5527   asteroid.o
       256         10         56          8          0       5606   bullet.o
       188         12          0          1          0       1611   collisions.o
      2648         44       6272          6          0       7870   glcd_spi_lpc1700.o
        72         12          0          0          0        688   kbd.o
       164         12         32          0          0       1458   led.o
        72          0          0          0          0        917   linked_list.o
      1096        184          0         16         12       4235   main.o
         6          0         32          4       2124       8528   rtx_conf_cm.o
        64          4       3216          0          0       5891   spaceship.o
        40         12        204          0        512        872   startup_lpc17xx.o
       420         32          0          4          0       5193   system_lpc17xx.o

    ----------------------------------------------------------------------
      5364        358      17130         52       2652      49009   Object Totals
         0          0         32          0          0          0   (incl. Generated)
         2          0          6          5          4          0   (incl. Padding)

    ----------------------------------------------------------------------

      Code (inc. data)   RO Data    RW Data    ZI Data      Debug   Library Member Name

         4          4          0          0          0        136   SVC_Table.o
       516         56          0          1          0       2465   hal_cm3.o
        76          4          0          0          0        541   rt_event.o
       442         30          0          0         48       3794   rt_list.o
       192          4          0          0          0        605   rt_mailbox.o
       128          0          0          0          0       1489   rt_membox.o
       288         12          0          0          0       1601   rt_mutex.o
        96         22          0          8          0        962   rt_robin.o
        52          6          0          0          0        453   rt_semaphore.o
       258         42          0          8          0       2962   rt_system.o
       912        156          0          8         48       6282   rt_task.o
         6          0          0          4          0        504   rt_time.o
        64          8          0          8          0        583   rt_timer.o
        16          6          0          0          0         68   dunder.o
        40          0          0          0          0         68   fpclassify.o
       664         20          0          0          0        144   hypot.o
        78          0          0          0          0         84   sqrt.o
         0          0          0          0          0          0   entry.o
         8          4          0          0          0          0   entry2.o
         4          0          0          0          0          0   entry5.o
         0          0          0          0          0          0   entry7b.o
         8          4          0          0          0          0   entry8.o
        12          6          0          4          0         68   errno.o
        30          0          0          0          0          0   handlers.o
        36          8          0          0          0         68   init.o
         0          0          0          0          0          0   iusefp.o
        30          0          0          0          0         68   llshl.o
        36          0          0          0          0         68   llsshr.o
        32          0          0          0          0         68   llushr.o
       188         20          0          0          0        160   malloc.o
         0          0          0          8          0          0   mvars.o
       892         12          0          0          0        420   printf6.o
        44          0          0          0          0         80   uidiv.o
        98          0          0          0          0         92   uldiv.o
        40          2          0          0          0         68   cdcmple.o
        40          2          0          0          0         68   cdrcmple.o
       334          0          0          0          0        144   dadd.o
       190          0          0          0          0        176   depilogue.o
        34          0          0          0          0         76   dflti.o
       228          0          0          0          0         92   dmul.o
        46          0          0          0          0         80   dscalb.o
       162          0          0          0          0        100   dsqrt.o

    ----------------------------------------------------------------------
      6334        428          0         52        100      24637   Library Totals
        10          0          0          3          4          0   (incl. Padding)

    ----------------------------------------------------------------------

      Code (inc. data)   RO Data    RW Data    ZI Data      Debug   Library Name

      3034        344          0         37         96      22377   RTX_CM3.LIB
       798         26          0          0          0        364   m_ws.l
      1418         54          0         12          0       1092   mc_w.l
      1074          4          0          0          0        804   mf_w.l

    ----------------------------------------------------------------------
      6334        428          0         52        100      24637   Library Totals

    ----------------------------------------------------------------------

==============================================================================


      Code (inc. data)   RO Data    RW Data    ZI Data      Debug   

     11698        786      17130        104       2752      69174   Grand Totals
     11698        786      17130        104       2752      69174   ELF Image Totals
     11698        786      17130        104          0          0   ROM Totals

==============================================================================

    Total RO  Size (Code + RO Data)                28828 (  28.15kB)
    Total RW  Size (RW Data + ZI Data)              2856 (   2.79kB)
    Total ROM Size (Code + RO Data + RW Data)      28932 (  28.25kB)

==============================================================================

